2026-02-12 19:37:16,393 - TestAnalysisEnginePhD - INFO - ÔÜí Testando an├ílise forense (Python)...
2026-02-12 19:37:16,404 - TestAnalysisEnginePhD - INFO - Ô£à An├ílise Python validada.
2026-02-12 19:37:16,404 - TestAnalysisEnginePhD - INFO - ÔÜí Testando detec├º├úo de qualidade de teste (DEEP)...
2026-02-12 19:37:16,405 - TestAnalysisEnginePhD - INFO - Ô£à Qualidade de teste validada.
2026-02-12 19:37:16,405 - TestAnalyzeExternal - INFO - ÔÜí Iniciando smoke test de AnalyzeExternal...
2026-02-12 19:37:16,405 - TestAnalyzeExternal - INFO - Ô£à Smoke test conclu├¡do.
2026-02-12 19:37:16,408 - TestASTNavigator - INFO - ÔÜí Testando is_in_dict_value...
2026-02-12 19:37:16,410 - TestASTNavigator - INFO - Ô£à Localiza├º├úo em dicion├írio validada.
2026-02-12 19:37:16,410 - TestASTNavigator - INFO - ÔÜí Testando detec├º├úo de chamadas AST...
2026-02-12 19:37:16,410 - TestASTNavigator - INFO - Ô£à Detec├º├úo de chamadas validada.
2026-02-12 19:37:16,411 - TestASTNavigator - INFO - ÔÜí Testando parent_chain...
2026-02-12 19:37:16,411 - TestASTNavigator - INFO - Ô£à Cadeia de ancestrais validada.
2026-02-12 19:37:16,411 - test_ast_node_inspector - INFO - ÔÜí Validando is_call_to...
2026-02-12 19:37:16,411 - test_ast_node_inspector - INFO - ÔÜí Validando is_descendant...
2026-02-12 19:37:16,416 - TestAuditEngine - INFO - ÔÜí Testando detec├º├úo b├ísica de regex...
2026-02-12 19:37:16,425 - TestAuditEngine - INFO - Ô£à Detec├º├úo b├ísica validada.
2026-02-12 19:37:16,425 - TestAuditEngine - INFO - ÔÜí Testando varredura em lote...
2026-02-12 19:37:16,427 - TestAuditEngine - INFO - Ô£à Varredura em lote validada.
2026-02-12 19:37:16,428 - TestAuditEngine - INFO - ÔÜí Testando integra├º├úo com LineVeto...
2026-02-12 19:37:16,428 - TestAuditEngine - INFO - Ô£à Integra├º├úo com Veto validada.
2026-02-12 19:37:16,429 - src_local.agents.Support.infrastructure_assembler - INFO - ­ƒòÁ´©ÅÔÇìÔÖé´©Å [FBI_VERIFIED_RUN] Montando junta de suporte core (FRESH)...
2026-02-12 19:37:16,429 - TestBaseActivePersonaDeep - INFO - ÔÜí Testando gest├úo de contexto...
2026-02-12 19:37:16,430 - TestBaseActivePersonaDeep - INFO - Ô£à Gest├úo de contexto validada.
2026-02-12 19:37:16,431 - src_local.agents.Support.infrastructure_assembler - INFO - ­ƒòÁ´©ÅÔÇìÔÖé´©Å [FBI_VERIFIED_RUN] Montando junta de suporte core (FRESH)...
2026-02-12 19:37:16,431 - TestBaseActivePersonaDeep - INFO - ÔÜí Testando integra├º├úo de padr├Áes...
2026-02-12 19:37:16,437 - TestBaseActivePersonaDeep - INFO - Ô£à Integra├º├úo de padr├Áes validada.
2026-02-12 19:37:16,442 - src_local.agents.Support.infrastructure_assembler - INFO - ­ƒòÁ´©ÅÔÇìÔÖé´©Å [FBI_VERIFIED_RUN] Montando junta de suporte core (FRESH)...
2026-02-12 19:37:16,442 - TestBaseActivePersonaDeep - INFO - ÔÜí Testando l├│gica de arquivos ignorados...
2026-02-12 19:37:16,442 - TestBaseActivePersonaDeep - INFO - Ô£à L├│gica de ignore validada.
2026-02-12 19:37:16,443 - src_local.agents.Support.infrastructure_assembler - INFO - ­ƒòÁ´©ÅÔÇìÔÖé´©Å [FBI_VERIFIED_RUN] Montando junta de suporte core (FRESH)...
2026-02-12 19:37:16,444 - TestBaseActivePersonaDeep - INFO - ÔÜí Testando inicializa├º├úo...
2026-02-12 19:37:16,444 - TestBaseActivePersonaDeep - INFO - Ô£à Inicializa├º├úo validada.
2026-02-12 19:37:16,446 - src_local.agents.Support.infrastructure_assembler - INFO - ­ƒòÁ´©ÅÔÇìÔÖé´©Å [FBI_VERIFIED_RUN] Montando junta de suporte core (FRESH)...
2026-02-12 19:37:16,446 - TestBaseActivePersonaDeep - INFO - ÔÜí Testando fluxo de auditoria estrat├®gica...
2026-02-12 19:37:16,450 - TestBaseActivePersonaDeep - INFO - Ô£à Fluxo de auditoria validado.
2026-02-12 19:37:16,451 - TestBattlePlanFormatterDeep - INFO - ÔÜí Testando resultados vazios...
2026-02-12 19:37:16,453 - TestBattlePlanFormatterDeep - INFO - Ô£à Mensagem de paz validada.
2026-02-12 19:37:16,453 - TestBattlePlanFormatterDeep - INFO - ÔÜí Testando l├│gica de agrupamento...
2026-02-12 19:37:16,454 - TestBattlePlanFormatterDeep - INFO - Ô£à L├│gica de agrupamento validada.
2026-02-12 19:37:16,454 - TestBattlePlanFormatterDeep - INFO - ÔÜí Testando formata├º├úo de itens...
2026-02-12 19:37:16,454 - TestBattlePlanFormatterDeep - INFO - Ô£à Formata├º├úo de itens validada.
2026-02-12 19:37:16,454 - test_bolt - INFO - Iniciando valida├º├úo de identidade do Bolt...
2026-02-12 19:37:16,455 - src_local.agents.Support.infrastructure_assembler - INFO - ­ƒòÁ´©ÅÔÇìÔÖé´©Å [FBI_VERIFIED_RUN] Montando junta de suporte core (FRESH)...
2026-02-12 19:37:16,455 - test_bolt - INFO - Ô£à Identidade validada.
2026-02-12 19:37:16,455 - src_local.agents.Support.infrastructure_assembler - INFO - ­ƒòÁ´©ÅÔÇìÔÖé´©Å [FBI_VERIFIED_RUN] Montando junta de suporte core (FRESH)...
2026-02-12 19:37:16,455 - TestBoltPersona - INFO - ÔÜí Testando l├│gica de auditoria de performance...
2026-02-12 19:37:16,455 - TestBoltPersona - INFO - Ô£à Detec├º├úo de performance validada.
2026-02-12 19:37:16,456 - test_bridge - INFO - Iniciando valida├º├úo de identidade do Bridge...
2026-02-12 19:37:16,456 - src_local.agents.Support.infrastructure_assembler - INFO - ­ƒòÁ´©ÅÔÇìÔÖé´©Å [FBI_VERIFIED_RUN] Montando junta de suporte core (FRESH)...
2026-02-12 19:37:16,456 - test_bridge - INFO - Ô£à Identidade validada.
2026-02-12 19:37:16,456 - test_cache - INFO - Iniciando valida├º├úo de identidade do Cache...
2026-02-12 19:37:16,456 - src_local.agents.Support.infrastructure_assembler - INFO - ­ƒòÁ´©ÅÔÇìÔÖé´©Å [FBI_VERIFIED_RUN] Montando junta de suporte core (FRESH)...
2026-02-12 19:37:16,457 - test_cache - INFO - Ô£à Identidade validada.
2026-02-12 19:37:16,458 - TestCacheManager - INFO - ÔÜí Testando detec├º├úo de mudan├ºas...
2026-02-12 19:37:16,463 - TestCacheManager - INFO - Ô£à Detec├º├úo de mudan├ºas validada.
2026-02-12 19:37:16,465 - TestCacheManager - INFO - ÔÜí Testando ciclo de persist├¬ncia...
2026-02-12 19:37:16,469 - TestCacheManager - INFO - Ô£à Persist├¬ncia validada.
2026-02-12 19:37:16,472 - TestCacheManagerSystem - INFO - ÔÜí Testando gera├º├úo de hash...
2026-02-12 19:37:16,475 - TestCacheManagerSystem - INFO - Ô£à Gera├º├úo de hash validada.
2026-02-12 19:37:16,478 - TestCacheManagerSystem - INFO - ÔÜí Testando update e save...
2026-02-12 19:37:16,482 - TestCacheManagerSystem - INFO - Ô£à Update e save validados.
2026-02-12 19:37:16,484 - TestCall_safety_judge - INFO - ÔÜí Testando detec├º├úo de chamadas perigosas...
2026-02-12 19:37:16,485 - TestCall_safety_judge - INFO - Ô£à Detec├º├úo de chamadas perigosas validada.
2026-02-12 19:37:16,485 - TestCall_safety_judge - INFO - ÔÜí Testando valida├º├úo de contexto seguro...
2026-02-12 19:37:16,486 - TestCall_safety_judge - INFO - Ô£à Valida├º├úo de contexto seguro conclu├¡da.
2026-02-12 19:37:16,486 - TestCleanupObfuscation - INFO - ÔÜí Testando l├│gica de reconstru├º├úo de strings...
2026-02-12 19:37:16,493 - scripts.cleanup_obfuscation - INFO - ­ƒº╣ Cleaning tmp87bafjum.py (2 obfuscations detected)...
2026-02-12 19:37:16,496 - TestCleanupObfuscation - INFO - Ô£à Reconstru├º├úo de strings validada.
2026-02-12 19:37:16,498 - TestCleanupObfuscation - INFO - ÔÜí Testando inicializa├º├úo do AutoDeobfuscator...
2026-02-12 19:37:16,498 - TestCleanupObfuscation - INFO - Ô£à Inicializa├º├úo validada.
2026-02-12 19:37:16,498 - TestCLI - INFO - ÔÜí Testando comando 'audit' da CLI...
2026-02-12 19:37:16,499 - src_local.interface.cli - INFO - ­ƒø░´©Å Workshop PhD acionado sobre: C:\Users\joaom\Documents\GitHub\Personas_Agentes
2026-02-12 19:37:16,499 - src_local.agents.Support.infrastructure_assembler - INFO - ­ƒòÁ´©ÅÔÇìÔÖé´©Å [FBI_VERIFIED_RUN] Montando junta de suporte core (FRESH)...
2026-02-12 19:37:16,502 - src_local.agents.Support.infrastructure_assembler - INFO - ­ƒòÁ´©ÅÔÇìÔÖé´©Å [FBI_VERIFIED_RUN] Montando junta de suporte core (FRESH)...
2026-02-12 19:37:16,505 - src_local.agents.Support.infrastructure_assembler - INFO - ­ƒÄ╝ [Assembler] Mobilizando ferramentas do maestro para: C:\Users\joaom\Documents\GitHub\Personas_Agentes (FRESH)
2026-02-12 19:37:16,506 - src_local.interface.cli - INFO - ­ƒöì Executando Auditoria Estrat├®gica Soberana...
2026-02-12 19:37:16,507 - src_local.interface.cli - INFO - Ô£à Diagn├│stico absoluto consolidado em: <MagicMock name='report.md.name' id='1858037426096'>
2026-02-12 19:37:16,507 - TestCLI - INFO - Ô£à Comando 'audit' validado.
2026-02-12 19:37:16,508 - TestCLI - INFO - ÔÜí Testando comando desconhecido na CLI...
2026-02-12 19:37:16,508 - src_local.interface.cli - INFO - ­ƒø░´©Å Workshop PhD acionado sobre: C:\Users\joaom\Documents\GitHub\Personas_Agentes
2026-02-12 19:37:16,508 - src_local.agents.Support.infrastructure_assembler - INFO - ­ƒòÁ´©ÅÔÇìÔÖé´©Å [FBI_VERIFIED_RUN] Montando junta de suporte core (FRESH)...
2026-02-12 19:37:16,508 - src_local.agents.Support.infrastructure_assembler - INFO - ­ƒòÁ´©ÅÔÇìÔÖé´©Å [FBI_VERIFIED_RUN] Montando junta de suporte core (FRESH)...
2026-02-12 19:37:16,510 - src_local.agents.Support.infrastructure_assembler - INFO - ­ƒÄ╝ [Assembler] Mobilizando ferramentas do maestro para: C:\Users\joaom\Documents\GitHub\Personas_Agentes (FRESH)
2026-02-12 19:37:16,511 - src_local.interface.cli - ERROR - ÔØî Comando desconhecido: ghost
2026-02-12 19:37:16,511 - src_local.interface.cli - INFO - Dispon├¡veis: audit, heal
2026-02-12 19:37:16,511 - TestCLI - INFO - Ô£à Tratamento de comando desconhecido validado.
2026-02-12 19:37:16,512 - TestCLI - INFO - ÔÜí Testando ponto de entrada CLI...
2026-02-12 19:37:16,512 - src_local.interface.cli - INFO - ­ƒø░´©Å Workshop PhD acionado sobre: C:\Users\joaom\Documents\GitHub\Personas_Agentes
2026-02-12 19:37:16,512 - src_local.interface.cli - INFO - ­ƒÅø´©Å Workshop PhD CLI: Operacional
2026-02-12 19:37:16,512 - src_local.interface.cli - INFO - Dispon├¡veis: audit (Diagn├│stico 360), heal (Cura Estrat├®gica)
2026-02-12 19:37:16,512 - TestCLI - INFO - Ô£à CLI validada.
2026-02-12 19:37:16,514 - src_local.interface.cli - INFO - ­ƒø░´©Å Workshop PhD acionado sobre: C:\Users\joaom\Documents\GitHub\Personas_Agentes
2026-02-12 19:37:16,514 - src_local.interface.cli - INFO - ­ƒöì Executando Auditoria Estrat├®gica Soberana...
2026-02-12 19:37:16,516 - src_local.interface.cli - INFO - Ô£à Diagn├│stico absoluto consolidado em: <MagicMock name='report.md.name' id='1858037428784'>
2026-02-12 19:37:16,518 - test_compiler - INFO - Auditando persist├¬ncia de registro PhD...
2026-02-12 19:37:16,519 - src_local.core.compiler - INFO - ­ƒÜÇ Sincronizando censo global de PhDs...
2026-02-12 19:37:16,519 - src_local.core.compiler - ERROR - ÔØî Erro de Topologia: Diret├│rio de agentes n├úo encontrado em C:\Users\joaom\Documents\GitHub\Personas_Agentes\src\agents
2026-02-12 19:37:16,519 - test_compiler - INFO - Ô£à Registro persistido com sucesso.
2026-02-12 19:37:16,519 - TestComplianceStandard - INFO - ÔÜí Testando rejei├º├úo de input inv├ílido...
2026-02-12 19:37:16,520 - src_local.utils.compliance_standard - INFO - ­ƒôí Iniciando protocolo de conformidade Gold Standard.
2026-02-12 19:37:16,520 - src_local.utils.compliance_standard - ERROR - ÔØî Falha de valida├º├úo sem├óntica: could not convert string to float: 'invalid_data'
2026-02-12 19:37:16,520 - TestComplianceStandard - INFO - Ô£à Rejei├º├úo validada.
2026-02-12 19:37:16,520 - TestComplianceStandard - INFO - ÔÜí Testando c├ílculo de payload seguro...
2026-02-12 19:37:16,520 - src_local.utils.compliance_standard - INFO - ­ƒôí Iniciando protocolo de conformidade Gold Standard.
2026-02-12 19:37:16,521 - TestComplianceStandard - INFO - Ô£à C├ílculo validado.
2026-02-12 19:37:16,521 - TestComplianceStandardModule - INFO - ÔÜí Testando conformidade Gold Standard (In-Memory)...
2026-02-12 19:37:16,522 - src_local.utils.compliance_standard - INFO - ­ƒôí Iniciando protocolo de conformidade Gold Standard.
2026-02-12 19:37:16,522 - src_local.utils.compliance_standard - INFO - ­ƒôí Iniciando protocolo de conformidade Gold Standard.
2026-02-12 19:37:16,522 - src_local.utils.compliance_standard - ERROR - ÔØî Falha de valida├º├úo sem├óntica: could not convert string to float: 'not-a-number'
2026-02-12 19:37:16,522 - TestComplianceStandardModule - INFO - Ô£à Conformidade Gold Standard validada.
2026-02-12 19:37:16,523 - TestComplianceStandardModule - INFO - ÔÜí Iniciando smoke test de compliance_standard.py...
2026-02-12 19:37:16,523 - TestComplianceStandardModule - INFO - Ô£à Smoke test conclu├¡do.
2026-02-12 19:37:16,523 - TestComponentClassifierDeep - INFO - ÔÜí Testando mapeamento AGENT...
2026-02-12 19:37:16,523 - TestComponentClassifierDeep - INFO - Ô£à Mapeamento AGENT validado.
2026-02-12 19:37:16,523 - TestComponentClassifierDeep - INFO - ÔÜí Testando mapeamento CORE...
2026-02-12 19:37:16,523 - TestComponentClassifierDeep - INFO - Ô£à Mapeamento CORE validado.
2026-02-12 19:37:16,524 - TestComponentClassifierDeep - INFO - ÔÜí Testando mapeamento INTERFACE...
2026-02-12 19:37:16,524 - TestComponentClassifierDeep - INFO - Ô£à Mapeamento INTERFACE validado.
2026-02-12 19:37:16,524 - TestComponentClassifierDeep - INFO - ÔÜí Testando fallback para LOGIC...
2026-02-12 19:37:16,524 - TestComponentClassifierDeep - INFO - Ô£à Fallback LOGIC validado.
2026-02-12 19:37:16,525 - TestConflictPolicyPhD - INFO - ÔÜí Testando resolu├º├úo de cache...
2026-02-12 19:37:16,526 - src_local.utils.conflict_policy_phd - INFO - ­ƒùæ´©Å Limpando cache: old_cache.pyc
2026-02-12 19:37:16,528 - TestConflictPolicyPhD - INFO - Ô£à Resolu├º├úo de cache validada.
2026-02-12 19:37:16,528 - TestConflictPolicyPhD - INFO - ÔÜí Testando merge JSON bem-sucedido...
2026-02-12 19:37:16,529 - TestConflictPolicyPhD - INFO - Ô£à Merge JSON validado.
2026-02-12 19:37:16,530 - TestConflictPolicyPhD - INFO - ÔÜí Testando resolu├º├úo de arquivo protegido...
2026-02-12 19:37:16,530 - src_local.utils.conflict_policy_phd - INFO - ­ƒøí´©Å Protegendo local: config.py
2026-02-12 19:37:16,530 - TestConflictPolicyPhD - INFO - Ô£à Resolu├º├úo de arquivo protegido validada.
2026-02-12 19:37:16,531 - TestConnectivityMapper - INFO - ÔÜí Testando c├ílculo de instabilidade...
2026-02-12 19:37:16,531 - TestConnectivityMapper - INFO - Ô£à C├ílculo de instabilidade validado.
2026-02-12 19:37:16,533 - src_local.agents.Support.infrastructure_assembler - INFO - ­ƒòÁ´©ÅÔÇìÔÖé´©Å [FBI_VERIFIED_RUN] Montando junta de suporte core (FRESH)...
2026-02-12 19:37:16,533 - TestContextEngineDeep - INFO - ÔÜí Testando pontua├º├úo de criticidade...
2026-02-12 19:37:16,536 - TestContextEngineDeep - INFO - Ô£à Pontua├º├úo de criticidade validada.
2026-02-12 19:37:16,545 - src_local.agents.Support.infrastructure_assembler - INFO - ­ƒòÁ´©ÅÔÇìÔÖé´©Å [FBI_VERIFIED_RUN] Montando junta de suporte core (FRESH)...
2026-02-12 19:37:16,545 - TestContextEngineDeep - INFO - ÔÜí Testando mapeamento completo do projeto...
2026-02-12 19:37:16,548 - src_local.utils.context_engine - INFO - ­ƒºá Mapeando topologia...
2026-02-12 19:37:16,559 - src_local.utils.context_engine - INFO - Ô£à DNA Processado: 2 componentes.
2026-02-12 19:37:16,560 - TestContextEngineDeep - INFO - Ô£à Mapeamento completo validado.
2026-02-12 19:37:16,565 - src_local.agents.Support.infrastructure_assembler - INFO - ­ƒòÁ´©ÅÔÇìÔÖé´©Å [FBI_VERIFIED_RUN] Montando junta de suporte core (FRESH)...
2026-02-12 19:37:16,565 - TestContextEngineDeep - INFO - ÔÜí Testando integra├º├úo de paridade de stack...
2026-02-12 19:37:16,567 - TestContextEngineDeep - INFO - Ô£à Paridade de stack validada.
2026-02-12 19:37:16,571 - src_local.agents.Support.infrastructure_assembler - INFO - ­ƒòÁ´©ÅÔÇìÔÖé´©Å [FBI_VERIFIED_RUN] Montando junta de suporte core (FRESH)...
2026-02-12 19:37:16,571 - TestContextEngineDeep - INFO - ÔÜí Testando m├®tricas de qualidade de teste...
2026-02-12 19:37:16,575 - TestContextEngineDeep - INFO - Ô£à M├®tricas de teste validadas.
2026-02-12 19:37:16,578 - src_local.agents.Support.infrastructure_assembler - INFO - ­ƒòÁ´©ÅÔÇìÔÖé´©Å [FBI_VERIFIED_RUN] Montando junta de suporte core (FRESH)...
2026-02-12 19:37:16,579 - TestContextEngineSystem - INFO - ÔÜí Testando detec├º├úo de c├│digo fr├ígil...
2026-02-12 19:37:16,583 - src_local.agents.Support.integrity_guardian - WARNING - Entropia detectada: eval em contexto de risco na linha 1. Motivo: Padr├úo de risco em contexto de execu├º├úo potencial.
2026-02-12 19:37:16,583 - TestContextEngineSystem - INFO - Ô£à C├│digo fr├ígil detectado.
2026-02-12 19:37:16,586 - src_local.agents.Support.infrastructure_assembler - INFO - ­ƒòÁ´©ÅÔÇìÔÖé´©Å [FBI_VERIFIED_RUN] Montando junta de suporte core (FRESH)...
2026-02-12 19:37:16,586 - TestContextEngineSystem - INFO - ÔÜí Testando descoberta de identidade...
2026-02-12 19:37:16,587 - TestContextEngineSystem - INFO - Ô£à Identidade validada.
2026-02-12 19:37:16,590 - src_local.agents.Support.infrastructure_assembler - INFO - ­ƒòÁ´©ÅÔÇìÔÖé´©Å [FBI_VERIFIED_RUN] Montando junta de suporte core (FRESH)...
2026-02-12 19:37:16,590 - TestContextEngineSystem - INFO - ÔÜí Testando detec├º├úo de erro silenciado...
2026-02-12 19:37:16,594 - src_local.agents.Support.integrity_guardian - WARNING - Cegueira operacional: Erro silenciado na linha 3 sem telemetria alternativa.
2026-02-12 19:37:16,594 - TestContextEngineSystem - INFO - Ô£à Erro silenciado detectado.
2026-02-12 19:37:16,598 - src_local.agents.Support.infrastructure_assembler - INFO - ­ƒòÁ´©ÅÔÇìÔÖé´©Å [FBI_VERIFIED_RUN] Montando junta de suporte core (FRESH)...
2026-02-12 19:37:16,598 - src_local.agents.Support.infrastructure_assembler - INFO - ­ƒòÁ´©ÅÔÇìÔÖé´©Å [FBI_VERIFIED_RUN] Montando junta de suporte core (FRESH)...
2026-02-12 19:37:16,599 - TestCoreDepth - INFO - ÔÜí Testando precis├úo do AuditEngine...
2026-02-12 19:37:16,605 - TestCoreDepth - INFO - Ô£à Precis├úo validada.
2026-02-12 19:37:16,606 - src_local.agents.Support.infrastructure_assembler - INFO - ­ƒòÁ´©ÅÔÇìÔÖé´©Å [FBI_VERIFIED_RUN] Montando junta de suporte core (FRESH)...
2026-02-12 19:37:16,607 - src_local.agents.Support.infrastructure_assembler - INFO - ­ƒòÁ´©ÅÔÇìÔÖé´©Å [FBI_VERIFIED_RUN] Montando junta de suporte core (FRESH)...
2026-02-12 19:37:16,607 - TestCoreDepth - INFO - ÔÜí Testando auditoria cir├║rgica...
2026-02-12 19:37:16,607 - TestCoreDepth - INFO - Ô£à Auditoria cir├║rgica validada.
2026-02-12 19:37:16,609 - src_local.agents.Support.infrastructure_assembler - INFO - ­ƒòÁ´©ÅÔÇìÔÖé´©Å [FBI_VERIFIED_RUN] Montando junta de suporte core (FRESH)...
2026-02-12 19:37:16,609 - src_local.agents.Support.infrastructure_assembler - INFO - ­ƒòÁ´©ÅÔÇìÔÖé´©Å [FBI_VERIFIED_RUN] Montando junta de suporte core (FRESH)...
2026-02-12 19:37:16,609 - TestCoreDepth - INFO - ÔÜí Testando an├ílise profunda do motor...
2026-02-12 19:37:16,619 - src_local.agents.Support.integrity_guardian - WARNING - Entropia detectada: eval em contexto de risco na linha 5. Motivo: Padr├úo de risco em contexto de execu├º├úo potencial.
2026-02-12 19:37:16,621 - src_local.agents.Support.integrity_guardian - WARNING - Cegueira operacional: Erro silenciado na linha 6 sem telemetria alternativa.
2026-02-12 19:37:16,622 - TestCoreDepth - INFO - Ô£à An├ílise profunda validada.
2026-02-12 19:37:16,624 - TestCoverageAuditor - INFO - ÔÜí Testando detec├º├úo de cobertura...
2026-02-12 19:37:16,624 - TestCoverageAuditor - INFO - Ô£à L├│gica de cobertura validada.
2026-02-12 19:37:16,624 - TestDelegationEngines - INFO - ÔÜí Testando is_call_to (atributo)...
2026-02-12 19:37:16,625 - TestDelegationEngines - INFO - Ô£à is_call_to atributo validado.
2026-02-12 19:37:16,625 - TestDelegationEngines - INFO - ÔÜí Testando is_call_to (chamada direta)...
2026-02-12 19:37:16,625 - TestDelegationEngines - INFO - Ô£à is_call_to direto validado.
2026-02-12 19:37:16,625 - TestDelegationEngines - INFO - ÔÜí Testando is_call_to (n├úo-chamada)...
2026-02-12 19:37:16,625 - TestDelegationEngines - INFO - Ô£à is_call_to n├úo-chamada validado.
2026-02-12 19:37:16,626 - TestDelegationEngines - INFO - ÔÜí Testando is_descendant (negativo)...
2026-02-12 19:37:16,626 - TestDelegationEngines - INFO - Ô£à is_descendant negativo validado.
2026-02-12 19:37:16,626 - TestDelegationEngines - INFO - ÔÜí Testando is_descendant (positivo)...
2026-02-12 19:37:16,626 - TestDelegationEngines - INFO - Ô£à is_descendant positivo validado.
2026-02-12 19:37:16,627 - TestDelegationEngines - INFO - ÔÜí Testando delega├º├úo is_descendant para ASTNodeInspector...
2026-02-12 19:37:16,627 - TestDelegationEngines - INFO - Ô£à Delega├º├úo para inspector validada.
2026-02-12 19:37:16,627 - TestDelegationEngines - INFO - ÔÜí Testando get_parent_chain...
2026-02-12 19:37:16,627 - TestDelegationEngines - INFO - Ô£à get_parent_chain validado.
2026-02-12 19:37:16,627 - TestDelegationEngines - INFO - ÔÜí Testando is_in_dict_value (negativo)...
2026-02-12 19:37:16,628 - TestDelegationEngines - INFO - Ô£à is_in_dict_value negativo validado.
2026-02-12 19:37:16,628 - TestDelegationEngines - INFO - ÔÜí Testando is_in_dict_value (positivo)...
2026-02-12 19:37:16,628 - TestDelegationEngines - INFO - Ô£à is_in_dict_value positivo validado.
2026-02-12 19:37:16,628 - TestDelegationEngines - INFO - ÔÜí Testando create_entry...
2026-02-12 19:37:16,628 - TestDelegationEngines - INFO - Ô£à create_entry validado.
2026-02-12 19:37:16,629 - TestDelegationEngines - INFO - ÔÜí Testando map_risk_type (padr├úo conhecido)...
2026-02-12 19:37:16,629 - TestDelegationEngines - INFO - Ô£à map_risk_type conhecido validado.
2026-02-12 19:37:16,629 - TestDelegationEngines - INFO - ÔÜí Testando map_risk_type (padr├úo desconhecido)...
2026-02-12 19:37:16,629 - TestDelegationEngines - INFO - Ô£à map_risk_type desconhecido validado.
2026-02-12 19:37:16,629 - TestDelegationEngines - INFO - ÔÜí Testando _is_error_report (negativo)...
2026-02-12 19:37:16,629 - TestDelegationEngines - INFO - Ô£à _is_error_report negativo validado.
2026-02-12 19:37:16,630 - TestDelegationEngines - INFO - ÔÜí Testando _is_error_report (positivo)...
2026-02-12 19:37:16,630 - TestDelegationEngines - INFO - Ô£à _is_error_report positivo validado.
2026-02-12 19:37:16,630 - TestDelegationEngines - INFO - ÔÜí Testando _parse_severity...
2026-02-12 19:37:16,630 - TestDelegationEngines - INFO - Ô£à _parse_severity validado.
2026-02-12 19:37:16,630 - TestDelegationEngines - INFO - ÔÜí Testando filter_active_results...
2026-02-12 19:37:16,630 - TestDelegationEngines - INFO - Ô£à filter_active_results validado.
2026-02-12 19:37:16,631 - TestDelegationEngines - INFO - ÔÜí Testando format_item_entry (dict)...
2026-02-12 19:37:16,631 - TestDelegationEngines - INFO - Ô£à format_item_entry dict validado.
2026-02-12 19:37:16,631 - TestDelegationEngines - INFO - ÔÜí Testando format_severity_group...
2026-02-12 19:37:16,631 - TestDelegationEngines - INFO - Ô£à format_severity_group validado.
2026-02-12 19:37:16,631 - TestDelegationEngines - INFO - ÔÜí Testando _is_analysis_comparison...
2026-02-12 19:37:16,632 - TestDelegationEngines - INFO - Ô£à _is_analysis_comparison validado.
2026-02-12 19:37:16,632 - TestDelegationEngines - INFO - ÔÜí Testando is_metadata_context...
2026-02-12 19:37:16,632 - TestDelegationEngines - INFO - Ô£à is_metadata_context validado.
2026-02-12 19:37:16,633 - TestDelegationEngines - INFO - ÔÜí Testando gather_qa_data (com Testify)...
........................................................................E....................C:\Python314\Lib\unittest\mock.py:2252: ResourceWarning: unclosed database in <sqlite3.Connection object at 0x000001B099822980>
  def __init__(self, name, parent):
ResourceWarning: Enable tracemalloc to get the object allocation traceback
C:\Python314\Lib\unittest\mock.py:2252: ResourceWarning: unclosed database in <sqlite3.Connection object at 0x000001B099822A70>
  def __init__(self, name, parent):
ResourceWarning: Enable tracemalloc to get the object allocation traceback
2026-02-12 19:37:16,639 - TestDelegationEngines - INFO - Ô£à gather_qa_data com Testify validado.
2026-02-12 19:37:16,640 - TestDelegationEngines - INFO - ÔÜí Testando gather_qa_data (sem Testify)...
2026-02-12 19:37:16,640 - TestDelegationEngines - INFO - Ô£à gather_qa_data sem Testify validado.
2026-02-12 19:37:16,640 - TestDelegationEngines - INFO - ÔÜí Testando get_orchestration_metrics...
2026-02-12 19:37:16,640 - TestDelegationEngines - INFO - Ô£à get_orchestration_metrics validado.
2026-02-12 19:37:16,640 - TestDelegationEngines - INFO - ÔÜí Testando collect_replacements (AST vazio)...
2026-02-12 19:37:16,641 - TestDelegationEngines - INFO - Ô£à collect_replacements vazio validado.
2026-02-12 19:37:16,641 - TestDelegationEngines - INFO - ÔÜí Testando get_offset...
2026-02-12 19:37:16,641 - TestDelegationEngines - INFO - Ô£à get_offset validado.
2026-02-12 19:37:16,641 - TestDelegationEngines - INFO - ÔÜí Testando check_dangerous_keywords...
2026-02-12 19:37:16,642 - src_local.agents.Support.obfuscation_logic_engine - WARNING - Obfuscation: Detectado na linha 1
2026-02-12 19:37:16,642 - TestDelegationEngines - INFO - Ô£à check_dangerous_keywords validado.
2026-02-12 19:37:16,642 - TestDelegationEngines - INFO - ÔÜí Testando check_dangerous_keywords (seguro)...
2026-02-12 19:37:16,642 - TestDelegationEngines - INFO - Ô£à check_dangerous_keywords seguro validado.
2026-02-12 19:37:16,642 - TestDelegationEngines - INFO - ÔÜí Testando resolve_constant (concatena├º├úo)...
2026-02-12 19:37:16,643 - TestDelegationEngines - INFO - Ô£à resolve_constant concatena├º├úo validado.
2026-02-12 19:37:16,643 - TestDelegationEngines - INFO - ÔÜí Testando resolve_constant (simples)...
2026-02-12 19:37:16,643 - TestDelegationEngines - INFO - Ô£à resolve_constant simples validado.
2026-02-12 19:37:16,643 - TestDelegationEngines - INFO - ÔÜí Testando format_roadmap (soberano)...
2026-02-12 19:37:16,643 - TestDelegationEngines - INFO - Ô£à format_roadmap soberano validado.
2026-02-12 19:37:16,644 - TestDelegationEngines - INFO - ÔÜí Testando format_roadmap (com gaps)...
2026-02-12 19:37:16,644 - TestDelegationEngines - INFO - Ô£à format_roadmap com gaps validado.
2026-02-12 19:37:16,644 - TestDelegationEngines - INFO - ÔÜí Testando format_vitals_table...
2026-02-12 19:37:16,644 - TestDelegationEngines - INFO - Ô£à format_vitals_table validado.
2026-02-12 19:37:16,644 - TestDelegationEngines - INFO - ÔÜí Testando format_vitals_table (cr├¡tico)...
2026-02-12 19:37:16,644 - TestDelegationEngines - INFO - Ô£à format_vitals_table cr├¡tico validado.
2026-02-12 19:37:16,644 - TestDelegationEngines - INFO - ÔÜí Testando is_in_metadata_assignment (negativo)...
2026-02-12 19:37:16,645 - TestDelegationEngines - INFO - Ô£à is_in_metadata_assignment negativo validado.
2026-02-12 19:37:16,645 - TestDelegationEngines - INFO - ÔÜí Testando is_in_metadata_assignment (positivo)...
2026-02-12 19:37:16,646 - TestDelegationEngines - INFO - Ô£à is_in_metadata_assignment positivo validado.
2026-02-12 19:37:16,647 - TestDelegationEngines - INFO - ÔÜí Testando is_simple_time_subtraction (negativo)...
2026-02-12 19:37:16,647 - TestDelegationEngines - INFO - Ô£à is_simple_time_subtraction negativo validado.
2026-02-12 19:37:16,648 - TestDelegationEngines - INFO - ÔÜí Testando is_simple_time_subtraction (positivo)...
2026-02-12 19:37:16,648 - TestDelegationEngines - INFO - Ô£à is_simple_time_subtraction positivo validado.
2026-02-12 19:37:16,648 - TestDelegationEngines - INFO - ÔÜí Testando is_tele_name (negativo)...
2026-02-12 19:37:16,648 - TestDelegationEngines - INFO - Ô£à is_tele_name negativo validado.
2026-02-12 19:37:16,648 - TestDelegationEngines - INFO - ÔÜí Testando is_tele_name (positivo)...
2026-02-12 19:37:16,649 - TestDelegationEngines - INFO - Ô£à is_tele_name validado.
2026-02-12 19:37:16,649 - TestDependencyAuditorDeep - INFO - ÔÜí Testando detec├º├úo de commits atrasados...
2026-02-12 19:37:16,651 - TestDependencyAuditorDeep - INFO - Ô£à Detec├º├úo de commits atrasados validada.
2026-02-12 19:37:16,652 - TestDependencyAuditorDeep - INFO - ÔÜí Testando subm├│dulo atualizado...
2026-02-12 19:37:16,654 - TestDependencyAuditorDeep - INFO - Ô£à Subm├│dulo atualizado validado.
2026-02-12 19:37:16,655 - TestDependencyAuditorDeep - INFO - ÔÜí Testando mecanismo de lock...
2026-02-12 19:37:16,659 - TestDependencyAuditorDeep - INFO - Ô£à Mecanismo de lock validado.
2026-02-12 19:37:16,660 - TestDependencyAuditorDeep - INFO - ÔÜí Testando check de sa├║de de rede...
2026-02-12 19:37:16,661 - TestDependencyAuditorDeep - INFO - Ô£à Sa├║de de rede validada.
2026-02-12 19:37:16,662 - TestDependencyAuditorSystem - INFO - ÔÜí Testando detec├º├úo de repo inv├ílido...
2026-02-12 19:37:16,662 - TestDependencyAuditorSystem - INFO - Ô£à Detec├º├úo de repo inv├ílido validada.
2026-02-12 19:37:16,664 - TestDependencyAuditorSystem - INFO - ÔÜí Testando mecanismo de lock...
2026-02-12 19:37:16,667 - TestDependencyAuditorSystem - INFO - Ô£à Mecanismo de lock validado.
2026-02-12 19:37:16,669 - TestDiagnoseBlindSpots - INFO - ÔÜí Testando l├│gica de diagn├│stico de pontos cegos...
2026-02-12 19:37:16,670 - TestDiagnoseBlindSpots - INFO - Ô£à L├│gica de diagn├│stico validada.
2026-02-12 19:37:16,671 - TestDiagnosticPipeline - INFO - ÔÜí Testando deduplica├º├úo no pipeline...
2026-02-12 19:37:16,671 - src_local.core.diagnostic_pipeline - INFO - ­ƒÄ¼ Iniciando Pipeline de Diagn├│stico Soberano...
2026-02-12 19:37:16,680 - src_local.core.diagnostic_pipeline - INFO - Ô£à Pipeline conclu├¡do in 0.0083s.
2026-02-12 19:37:16,680 - TestDiagnosticPipeline - INFO - Ô£à Deduplica├º├úo validada.
2026-02-12 19:37:16,681 - TestDiagnosticPipeline - INFO - ÔÜí Testando reset do pipeline...
2026-02-12 19:37:16,681 - src_local.core.diagnostic_pipeline - INFO - ­ƒÄ¼ Iniciando Pipeline de Diagn├│stico Soberano...
2026-02-12 19:37:16,691 - src_local.core.diagnostic_pipeline - INFO - Ô£à Pipeline conclu├¡do in 0.0099s.
2026-02-12 19:37:16,691 - TestDiagnosticPipeline - INFO - Ô£à Reset do pipeline validado.
2026-02-12 19:37:16,692 - TestDiagnosticStrategist - INFO - ÔÜí Testando c├ílculo de efici├¬ncia de I/O...
2026-02-12 19:37:16,692 - TestDiagnosticStrategist - INFO - Ô£à Efici├¬ncia de I/O validada.
2026-02-12 19:37:16,692 - TestDiagnosticStrategist - INFO - ÔÜí Testando gera├º├úo de plano de verifica├º├úo alvo...
2026-02-12 19:37:16,692 - TestDiagnosticStrategist - INFO - Ô£à Plano de verifica├º├úo validado.
2026-02-12 19:37:16,692 - test_director_persona - INFO - ÔÜí Testando deduplica├º├úo do Diretor...
2026-02-12 19:37:16,692 - src_local.agents.Support.infrastructure_assembler - INFO - ­ƒòÁ´©ÅÔÇìÔÖé´©Å [FBI_VERIFIED_RUN] Montando junta de suporte core (FRESH)...
2026-02-12 19:37:16,693 - test_director_persona - INFO - Ô£à Deduplica├º├úo do Diretor validada.
2026-02-12 19:37:16,693 - test_director_persona - INFO - ÔÜí Testando s├¡ntese de relat├│rio 360...
2026-02-12 19:37:16,693 - src_local.agents.Support.infrastructure_assembler - INFO - ­ƒòÁ´©ÅÔÇìÔÖé´©Å [FBI_VERIFIED_RUN] Montando junta de suporte core (FRESH)...
2026-02-12 19:37:16,695 - test_director_persona - INFO - Ô£à S├¡ntese de relat├│rio validada.
2026-02-12 19:37:16,695 - test_director_persona - INFO - Auditando inicializa├º├úo do Diretor...
2026-02-12 19:37:16,695 - src_local.agents.Support.infrastructure_assembler - INFO - ­ƒòÁ´©ÅÔÇìÔÖé´©Å [FBI_VERIFIED_RUN] Montando junta de suporte core (FRESH)...
2026-02-12 19:37:16,696 - test_director_persona - INFO - Ô£à Diretor operacional.
2026-02-12 19:37:16,696 - src_local.agents.Support.infrastructure_assembler - INFO - ­ƒòÁ´©ÅÔÇìÔÖé´©Å [FBI_VERIFIED_RUN] Montando junta de suporte core (FRESH)...
2026-02-12 19:37:16,696 - TestDirectorSystem - INFO - ÔÜí Testando formata├º├úo de relat├│rio 360...
2026-02-12 19:37:16,696 - src_local.agents.Support.report_formatter - INFO - Ô£ì´©Å [Formatter] Gerando cabe├ºalho de miss├úo para Test Mission
2026-02-12 19:37:16,697 - TestDirectorSystem - INFO - Ô£à Relat├│rio 360 validado.
2026-02-12 19:37:16,697 - TestDNAProfiler - INFO - ÔÜí Testando perfilamento de DNA...
2026-02-12 19:37:16,701 - TestDNAProfiler - INFO - Ô£à Perfilamento de DNA validado.
2026-02-12 19:37:16,701 - test_echo - INFO - Iniciando valida├º├úo de identidade do Echo...
2026-02-12 19:37:16,701 - src_local.agents.Support.infrastructure_assembler - INFO - ­ƒòÁ´©ÅÔÇìÔÖé´©Å [FBI_VERIFIED_RUN] Montando junta de suporte core (FRESH)...
2026-02-12 19:37:16,701 - test_echo - INFO - Ô£à Identidade validada.
2026-02-12 19:37:16,701 - TestFileSystemScanner - INFO - ÔÜí Testando gerador de arquivos analis├íveis...
2026-02-12 19:37:16,707 - TestFileSystemScanner - INFO - Ô£à Gerador de arquivos validado.
2026-02-12 19:37:16,710 - TestFileSystemScanner - INFO - ÔÜí Testando descoberta plana de arquivos...
2026-02-12 19:37:16,713 - TestFileSystemScanner - INFO - Ô£à Descoberta validada.
2026-02-12 19:37:16,714 - TestFileSystemScanner - INFO - ÔÜí Testando regras de exclus├úo (skip)...
2026-02-12 19:37:16,721 - TestFileSystemScanner - INFO - Ô£à Regras de exclus├úo validadas.
2026-02-12 19:37:16,725 - TestFindingDeduplicator - INFO - ÔÜí Testando deduplica├º├úo mista...
2026-02-12 19:37:16,725 - TestFindingDeduplicator - INFO - Ô£à Deduplica├º├úo mista validada.
2026-02-12 19:37:16,725 - TestFindingDeduplicator - INFO - ÔÜí Testando normaliza├º├úo de caminhos...
2026-02-12 19:37:16,725 - TestFindingDeduplicator - INFO - Ô£à Normaliza├º├úo de caminhos validada.
2026-02-12 19:37:16,726 - test_flow - INFO - Iniciando valida├º├úo de identidade do Flow...
2026-02-12 19:37:16,726 - src_local.agents.Support.infrastructure_assembler - INFO - ­ƒòÁ´©ÅÔÇìÔÖé´©Å [FBI_VERIFIED_RUN] Montando junta de suporte core (FRESH)...
2026-02-12 19:37:16,726 - test_flow - INFO - Ô£à Identidade validada.
2026-02-12 19:37:16,726 - src_local.agents.Support.infrastructure_assembler - INFO - ­ƒòÁ´©ÅÔÇìÔÖé´©Å [FBI_VERIFIED_RUN] Montando junta de suporte core (FRESH)...
2026-02-12 19:37:16,726 - TestFlutterSentinel - INFO - ÔÜí Testando inicializa├º├úo do Sentinel Flutter...
2026-02-12 19:37:16,727 - TestFlutterSentinel - INFO - Ô£à Inicializa├º├úo validada.
2026-02-12 19:37:16,727 - src_local.agents.Support.infrastructure_assembler - INFO - ­ƒòÁ´©ÅÔÇìÔÖé´©Å [FBI_VERIFIED_RUN] Montando junta de suporte core (FRESH)...
2026-02-12 19:37:16,727 - TestFlutterSentinel - INFO - ÔÜí Testando regras de seguran├ºa (HTTP)...
2026-02-12 19:37:16,727 - TestFlutterSentinel - INFO - Ô£à Regras de seguran├ºa validadas.
2026-02-12 19:37:16,727 - src_local.agents.Support.infrastructure_assembler - INFO - ­ƒòÁ´©ÅÔÇìÔÖé´©Å [FBI_VERIFIED_RUN] Montando junta de suporte core (FRESH)...
2026-02-12 19:37:16,727 - TestFlutterVault - INFO - ÔÜí Testando racioc├¡nio financeiro...
2026-02-12 19:37:16,727 - TestFlutterVault - INFO - Ô£à Racioc├¡nio financeiro validado.
2026-02-12 19:37:16,728 - src_local.agents.Support.infrastructure_assembler - INFO - ­ƒòÁ´©ÅÔÇìÔÖé´©Å [FBI_VERIFIED_RUN] Montando junta de suporte core (FRESH)...
2026-02-12 19:37:16,728 - TestFlutterVault - INFO - ÔÜí Testando inicializa├º├úo do Vault Flutter...
2026-02-12 19:37:16,728 - TestFlutterVault - INFO - Ô£à Inicializa├º├úo validada.
2026-02-12 19:37:16,728 - test_forge - INFO - Iniciando valida├º├úo de identidade do Forge...
2026-02-12 19:37:16,728 - src_local.agents.Support.infrastructure_assembler - INFO - ­ƒòÁ´©ÅÔÇìÔÖé´©Å [FBI_VERIFIED_RUN] Montando junta de suporte core (FRESH)...
2026-02-12 19:37:16,728 - test_forge - INFO - Ô£à Identidade validada.
2026-02-12 19:37:16,728 - TestGitClient - INFO - ÔÜí Testando inicializa├º├úo do GitClient...
2026-02-12 19:37:16,729 - TestGitClient - INFO - Ô£à Inicializa├º├úo validada.
2026-02-12 19:37:16,729 - TestGitDoctor - INFO - ÔÜí Testando prote├º├úo de arquivos...
2026-02-12 19:37:16,729 - TestGitDoctor - INFO - Ô£à Prote├º├úo validada.
2026-02-12 19:37:16,729 - TestGitDoctor - INFO - ÔÜí Verificando sanidade de merge_skills_index...
2026-02-12 19:37:16,729 - TestGitDoctor - INFO - Ô£à Sanidade validada.
2026-02-12 19:37:16,730 - test_git_logic - INFO - Preparando ambiente de teste Git...
2026-02-12 19:37:16,730 - test_git_logic - INFO - Ô£à Ambiente pronto.
2026-02-12 19:37:16,731 - test_git_logic - INFO - Ambiente de teste Git limpo.
2026-02-12 19:37:16,731 - TestGitOperationsPhD - INFO - ÔÜí Testando descoberta de remotos Git...
2026-02-12 19:37:16,733 - TestGitOperationsPhD - INFO - Ô£à Descoberta de remoto validada.
2026-02-12 19:37:16,733 - TestGitOperationsPhD - INFO - ÔÜí Testando extra├º├úo de topologia Git...
2026-02-12 19:37:16,734 - TestGitOperationsPhD - INFO - Ô£à Topologia validada.
2026-02-12 19:37:16,734 - TestGitOperationsPhD - INFO - ÔÜí Testando rollback transacional...
2026-02-12 19:37:16,735 - TestGitOperationsPhD - INFO - Ô£à Rollback validado.
2026-02-12 19:37:16,736 - test_globe - INFO - Iniciando valida├º├úo de identidade do Globe...
2026-02-12 19:37:16,736 - src_local.agents.Support.infrastructure_assembler - INFO - ­ƒòÁ´©ÅÔÇìÔÖé´©Å [FBI_VERIFIED_RUN] Montando junta de suporte core (FRESH)...
2026-02-12 19:37:16,736 - test_globe - INFO - Ô£à Identidade validada.
2026-02-12 19:37:18,701 - src_local.interface.gui - INFO - GUI da Oficina carregada.
2026-02-12 19:37:18,702 - TestGUISystem - INFO - ÔÜí Testando inicializa├º├úo da GUI...
2026-02-12 19:37:18,702 - TestGUISystem - INFO - Ô£à Inicializa├º├úo validada.
2026-02-12 19:37:18,927 - src_local.interface.gui - INFO - GUI da Oficina carregada.
2026-02-12 19:37:18,927 - TestGUISystem - INFO - ÔÜí Testando log de mensagens na GUI...
2026-02-12 19:37:18,930 - TestGUISystem - INFO - Ô£à Log de mensagens validado.
2026-02-12 19:37:18,942 - TestHealthSynthesizerDeep - INFO - ÔÜí Testando s├¡ntese 360 completa...
2026-02-12 19:37:18,942 - src_local.agents.Support.penalty_engine - INFO - ­ƒÅå [HealthCalculus] Raw: 100.000 | Ceiling: 100 | Drain: 0.0 | Final: 100
2026-02-12 19:37:18,943 - TestHealthSynthesizerDeep - INFO - Ô£à S├¡ntese 360 validada.
2026-02-12 19:37:18,943 - TestHealthSynthesizerDeep - INFO - ÔÜí Testando c├ílculo de score rigoroso...
2026-02-12 19:37:18,944 - src_local.agents.Support.penalty_engine - INFO - ­ƒÅå [HealthCalculus] Raw: 100.000 | Ceiling: 100 | Drain: 0.0 | Final: 100
2026-02-12 19:37:18,944 - src_local.agents.Support.penalty_engine - INFO - ­ƒÅå [HealthCalculus] Raw: 95.000 | Ceiling: 60 | Drain: 15.0 | Final: 45
2026-02-12 19:37:18,944 - TestHealthSynthesizerDeep - INFO - Ô£à C├ílculo de score validado.
2026-02-12 19:37:18,944 - test_hermes - INFO - Iniciando valida├º├úo de identidade do Hermes...
2026-02-12 19:37:18,944 - src_local.agents.Support.infrastructure_assembler - INFO - ­ƒòÁ´©ÅÔÇìÔÖé´©Å [FBI_VERIFIED_RUN] Montando junta de suporte core (FRESH)...
2026-02-12 19:37:18,944 - test_hermes - INFO - Ô£à Identidade validada.
2026-02-12 19:37:18,945 - test_hype - INFO - Iniciando valida├º├úo de identidade do Hype...
2026-02-12 19:37:18,945 - src_local.agents.Support.infrastructure_assembler - INFO - ­ƒòÁ´©ÅÔÇìÔÖé´©Å [FBI_VERIFIED_RUN] Montando junta de suporte core (FRESH)...
2026-02-12 19:37:18,945 - test_hype - INFO - Ô£à Identidade validada.
2026-02-12 19:37:18,946 - TestIndexer - INFO - ÔÜí Testando anatomia de indexa├º├úo...
2026-02-12 19:37:18,947 - src_local.utils.indexer - INFO - ­ƒôí Iniciando indexa├º├úo soberana de metadados...
2026-02-12 19:37:18,955 - src_local.utils.indexer - INFO - Ô£à Indexa├º├úo conclu├¡da: 1 m├│dulos catalogados.
2026-02-12 19:37:18,955 - TestIndexer - INFO - Ô£à Anatomia de indexa├º├úo validada.
2026-02-12 19:37:18,958 - TestIndexerSystem - INFO - ÔÜí Testando extra├º├úo de metadados...
2026-02-12 19:37:18,959 - src_local.utils.indexer - INFO - ­ƒôí Iniciando indexa├º├úo soberana de metadados...
2026-02-12 19:37:18,962 - src_local.utils.indexer - INFO - Ô£à Indexa├º├úo conclu├¡da: 1 m├│dulos catalogados.
2026-02-12 19:37:18,962 - TestIndexerSystem - INFO - Ô£à Extra├º├úo de metadados validada.
2026-02-12 19:37:18,964 - TestInfrastructureAssembler - INFO - ÔÜí Iniciando smoke test de InfrastructureAssembler...
2026-02-12 19:37:18,964 - TestInfrastructureAssembler - INFO - Ô£à Smoke test conclu├¡do.
2026-02-12 19:37:18,964 - TestIntegrityGuardian - INFO - ÔÜí Testando detec├º├úo de silenciamento de erros...
2026-02-12 19:37:18,966 - src_local.agents.Support.integrity_guardian - WARNING - Cegueira operacional: Erro silenciado na linha 3 sem telemetria alternativa.
2026-02-12 19:37:18,967 - TestIntegrityGuardian - INFO - Ô£à Detec├º├úo de silenciamento de erros validada.
2026-02-12 19:37:18,967 - TestIntegrityGuardian - INFO - ÔÜí Testando detec├º├úo de vulnerabilidades no IntegrityGuardian...
2026-02-12 19:37:18,968 - src_local.agents.Support.integrity_guardian - WARNING - Entropia detectada: eval em contexto de risco na linha 1. Motivo: Padr├úo de risco em contexto de execu├º├úo potencial.
2026-02-12 19:37:18,968 - TestIntegrityGuardian - INFO - Ô£à Vulnerabilidades detectadas com sucesso.
2026-02-12 19:37:18,970 - src_local.agents.Support.infrastructure_assembler - INFO - ­ƒòÁ´©ÅÔÇìÔÖé´©Å [FBI_VERIFIED_RUN] Montando junta de suporte core (FRESH)...
2026-02-12 19:37:18,970 - TestKotlinFlow - INFO - ÔÜí Testando inicializa├º├úo do Flow Kotlin...
2026-02-12 19:37:18,970 - TestKotlinFlow - INFO - Ô£à Inicializa├º├úo validada.
2026-02-12 19:37:18,970 - src_local.agents.Support.infrastructure_assembler - INFO - ­ƒòÁ´©ÅÔÇìÔÖé´©Å [FBI_VERIFIED_RUN] Montando junta de suporte core (FRESH)...
2026-02-12 19:37:18,970 - TestKotlinFlow - INFO - ÔÜí Testando racioc├¡nio de navega├º├úo...
2026-02-12 19:37:18,970 - TestKotlinFlow - INFO - Ô£à Racioc├¡nio de navega├º├úo validado.
2026-02-12 19:37:18,971 - src_local.agents.Support.infrastructure_assembler - INFO - ­ƒòÁ´©ÅÔÇìÔÖé´©Å [FBI_VERIFIED_RUN] Montando junta de suporte core (FRESH)...
2026-02-12 19:37:18,971 - TestKotlinHermes - INFO - ÔÜí Testando inicializa├º├úo do Hermes Kotlin...
2026-02-12 19:37:18,971 - TestKotlinHermes - INFO - Ô£à Inicializa├º├úo validada.
2026-02-12 19:37:18,971 - src_local.agents.Support.infrastructure_assembler - INFO - ­ƒòÁ´©ÅÔÇìÔÖé´©Å [FBI_VERIFIED_RUN] Montando junta de suporte core (FRESH)...
2026-02-12 19:37:18,971 - TestKotlinHermes - INFO - ÔÜí Testando racioc├¡nio de supply chain...
2026-02-12 19:37:18,971 - TestKotlinHermes - INFO - Ô£à Racioc├¡nio de supply chain validado.
2026-02-12 19:37:18,972 - src_local.agents.Support.infrastructure_assembler - INFO - ­ƒòÁ´©ÅÔÇìÔÖé´©Å [FBI_VERIFIED_RUN] Montando junta de suporte core (FRESH)...
2026-02-12 19:37:18,972 - TestKotlinSentinel - INFO - ÔÜí Testando racioc├¡nio de seguran├ºa cibern├®tica...
2026-02-12 19:37:18,972 - TestKotlinSentinel - INFO - Ô£à Racioc├¡nio de seguran├ºa validado.
2026-02-12 19:37:18,972 - src_local.agents.Support.infrastructure_assembler - INFO - ­ƒòÁ´©ÅÔÇìÔÖé´©Å [FBI_VERIFIED_RUN] Montando junta de suporte core (FRESH)...
2026-02-12 19:37:18,972 - TestKotlinSentinel - INFO - ÔÜí Testando inicializa├º├úo do Sentinel Kotlin...
2026-02-12 19:37:18,973 - TestKotlinSentinel - INFO - Ô£à Inicializa├º├úo validada.
2026-02-12 19:37:18,973 - TestLineVetoDeep - INFO - ÔÜí Testando detec├º├úo de docstrings...
2026-02-12 19:37:18,973 - TestLineVetoDeep - INFO - Ô£à Docstrings detectadas com sucesso.
2026-02-12 19:37:18,973 - TestLineVetoDeep - INFO - ÔÜí Testando l├│gica de exclus├úo de dom├¡nio...
2026-02-12 19:37:18,973 - TestLineVetoDeep - INFO - Ô£à Isola├º├úo de dom├¡nio validada.
2026-02-12 19:37:18,974 - TestLineVetoDeep - INFO - ÔÜí Testando veto em defini├º├úo de regras...
2026-02-12 19:37:18,974 - TestLineVetoDeep - INFO - Ô£à Veto de regra validado.
2026-02-12 19:37:18,974 - TestLineVetoDeep - INFO - ÔÜí Testando veto em ofusca├º├úo t├®cnica...
2026-02-12 19:37:18,974 - TestLineVetoDeep - INFO - Ô£à Veto de ofusca├º├úo validado.
2026-02-12 19:37:18,976 - TestLintEngines - INFO - ÔÜí Testando check_headings (MD024 - duplicada)...
2026-02-12 19:37:18,976 - TestLintEngines - INFO - Ô£à MD024 validado.
2026-02-12 19:37:18,977 - TestLintEngines - INFO - ÔÜí Testando check_headings (MD022 - sem blank antes)...
2026-02-12 19:37:18,977 - TestLintEngines - INFO - Ô£à MD022 validado.
2026-02-12 19:37:18,977 - TestLintEngines - INFO - ÔÜí Testando check_headings (MD026 - pontua├º├úo)...
2026-02-12 19:37:18,977 - TestLintEngines - INFO - Ô£à MD026 validado.
2026-02-12 19:37:18,977 - TestLintEngines - INFO - ÔÜí Testando check_headings (v├ílido)...
2026-02-12 19:37:18,977 - TestLintEngines - INFO - Ô£à Heading v├ílido processado.
2026-02-12 19:37:18,977 - TestLintEngines - INFO - ÔÜí Testando _is_blank_violation...
2026-02-12 19:37:18,978 - TestLintEngines - INFO - Ô£à _is_blank_violation validado.
2026-02-12 19:37:18,978 - TestLintEngines - INFO - ÔÜí Testando verify_rules (conte├║do limpo)...
2026-02-12 19:37:18,978 - TestLintEngines - INFO - Ô£à verify_rules limpo: 0 erros.
2026-02-12 19:37:18,978 - TestLintEngines - INFO - ÔÜí Testando verify_rules (MD022 - sem blank antes do heading)...
2026-02-12 19:37:18,978 - TestLintEngines - INFO - Ô£à MD022 processado.
2026-02-12 19:37:18,978 - TestLintEngines - INFO - ÔÜí Testando verify_rules (MD012 - linhas em branco)...
2026-02-12 19:37:18,979 - TestLintEngines - INFO - Ô£à MD012 validado.
2026-02-12 19:37:18,979 - Test - INFO - Teste de Log PhD
2026-02-12 19:37:18,979 - Test - DEBUG - Performance Test in 1770935838.9800s.
2026-02-12 19:37:18,980 - src_local.agents.Support.silent_error_detector - WARNING - Silent error capture detected in test.py:3
2026-02-12 19:37:18,981 - TestMaintenanceEnginePhD - INFO - ÔÜí Testando limpeza de submodulos...
2026-02-12 19:37:18,989 - TestMaintenanceEnginePhD - INFO - Ô£à Limpeza de submodulos validada.
2026-02-12 19:37:18,989 - TestMaintenanceEnginePhD - INFO - ÔÜí Testando merge de ├¡ndice de skills...
2026-02-12 19:37:18,994 - TestMaintenanceEnginePhD - INFO - Ô£à Merge de skills validado.
2026-02-12 19:37:18,995 - test_mantra - INFO - Iniciando valida├º├úo de identidade do Mantra...
2026-02-12 19:37:18,995 - src_local.agents.Support.infrastructure_assembler - INFO - ­ƒòÁ´©ÅÔÇìÔÖé´©Å [FBI_VERIFIED_RUN] Montando junta de suporte core (FRESH)...
2026-02-12 19:37:18,995 - test_mantra - INFO - Ô£à Identidade validada.
2026-02-12 19:37:18,995 - TestMarkdownSanitizer - INFO - ÔÜí Testando colapso de linhas MD012...
2026-02-12 19:37:18,995 - TestMarkdownSanitizer - INFO - Ô£à Colapso de linhas validado.
2026-02-12 19:37:18,996 - TestMarkdownSanitizer - INFO - ÔÜí Testando preserva├º├úo de blocos de c├│digo...
2026-02-12 19:37:18,996 - TestMarkdownSanitizer - INFO - Ô£à Preserva├º├úo validada.
2026-02-12 19:37:18,996 - TestMarkdownSanitizer - INFO - ÔÜí Testando padding de cabe├ºalhos MD022...
2026-02-12 19:37:18,996 - TestMarkdownSanitizer - INFO - Ô£à Padding validado.
2026-02-12 19:37:18,996 - TestMarkdownSanitizer - INFO - ÔÜí Testando unicidade de cabe├ºalhos MD024...
2026-02-12 19:37:18,996 - TestMarkdownSanitizer - INFO - Ô£à Unicidade validada.
2026-02-12 19:37:18,997 - TestMarkdownSanitizer - INFO - ÔÜí Testando remo├º├úo de pontua├º├úo em cabe├ºalhos MD026...
2026-02-12 19:37:18,997 - TestMarkdownSanitizer - INFO - Ô£à Remo├º├úo de pontua├º├úo validada.
2026-02-12 19:37:18,997 - TestMaturityEvaluator - INFO - ÔÜí Iniciando smoke test de MaturityEvaluator...
2026-02-12 19:37:18,997 - TestMaturityEvaluator - INFO - Ô£à Smoke test conclu├¡do.
2026-02-12 19:37:18,997 - TestMemoryPersistence - INFO - ÔÜí Iniciando smoke test de MemoryPersistence...
2026-02-12 19:37:18,997 - TestMemoryPersistence - INFO - Ô£à Smoke test conclu├¡do.
2026-02-12 19:37:19,000 - src_local.agents.Support.infrastructure_assembler - INFO - ­ƒòÁ´©ÅÔÇìÔÖé´©Å [FBI_VERIFIED_RUN] Montando junta de suporte core (FRESH)...
2026-02-12 19:37:19,001 - src_local.agents.Support.infrastructure_assembler - INFO - ­ƒòÁ´©ÅÔÇìÔÖé´©Å [FBI_VERIFIED_RUN] Montando junta de suporte core (FRESH)...
2026-02-12 19:37:19,001 - TestMetric - INFO - ÔÜí Testando discrimina├º├úo de inten├º├úo sem├óntica...
2026-02-12 19:37:19,014 - TestMetric - INFO - Ô£à Discrimina├º├úo de inten├º├úo sem├óntica validada.
2026-02-12 19:37:19,014 - test_nebula - INFO - Iniciando valida├º├úo de identidade do Nebula...
2026-02-12 19:37:19,014 - src_local.agents.Support.infrastructure_assembler - INFO - ­ƒòÁ´©ÅÔÇìÔÖé´©Å [FBI_VERIFIED_RUN] Montando junta de suporte core (FRESH)...
2026-02-12 19:37:19,015 - test_nebula - INFO - Ô£à Identidade validada.
2026-02-12 19:37:19,016 - test_neural - INFO - Iniciando valida├º├úo de identidade do Neural...
2026-02-12 19:37:19,017 - src_local.agents.Support.infrastructure_assembler - INFO - ­ƒòÁ´©ÅÔÇìÔÖé´©Å [FBI_VERIFIED_RUN] Montando junta de suporte core (FRESH)...
2026-02-12 19:37:19,017 - test_neural - INFO - Ô£à Identidade validada.
2026-02-12 19:37:19,017 - test_nexus - INFO - Iniciando valida├º├úo de identidade do Nexus...
2026-02-12 19:37:19,017 - src_local.agents.Support.infrastructure_assembler - INFO - ­ƒòÁ´©ÅÔÇìÔÖé´©Å [FBI_VERIFIED_RUN] Montando junta de suporte core (FRESH)...
2026-02-12 19:37:19,018 - test_nexus - INFO - Ô£à Identidade validada.
2026-02-12 19:37:19,019 - TestObfuscationHunter - INFO - ÔÜí Testando detec├º├úo de ofusca├º├úo por concatena├º├úo...
2026-02-12 19:37:19,019 - src_local.agents.Support.obfuscation_logic_engine - WARNING - Obfuscation: Detectado na linha 1
2026-02-12 19:37:19,020 - src_local.agents.Support.obfuscation_logic_engine - WARNING - Obfuscation: Detectado na linha 1
2026-02-12 19:37:19,020 - src_local.agents.Support.obfuscation_logic_engine - WARNING - Obfuscation: Detectado na linha 1
2026-02-12 19:37:19,020 - TestObfuscationHunter - INFO - Ô£à Detec├º├úo de ofusca├º├úo validada.
2026-02-12 19:37:19,021 - test_orchestrator - INFO - Iniciando testes no Orquestrador: test_dna_discovery
2026-02-12 19:37:19,023 - src_local.agents.Support.infrastructure_assembler - INFO - ­ƒòÁ´©ÅÔÇìÔÖé´©Å [FBI_VERIFIED_RUN] Montando junta de suporte core (FRESH)...
2026-02-12 19:37:19,024 - src_local.agents.Support.infrastructure_assembler - INFO - ­ƒòÁ´©ÅÔÇìÔÖé´©Å [FBI_VERIFIED_RUN] Montando junta de suporte core (FRESH)...
2026-02-12 19:37:19,024 - src_local.agents.Support.infrastructure_assembler - INFO - ­ƒÄ╝ [Assembler] Mobilizando ferramentas do maestro para: C:\Users\joaom\AppData\Local\Temp\tmp3ip47jzl\target_project (FRESH)
2026-02-12 19:37:19,024 - src_local.utils.context_engine - INFO - ­ƒºá Mapeando topologia...
2026-02-12 19:37:19,029 - src_local.utils.context_engine - INFO - Ô£à DNA Processado: 1 componentes.
2026-02-12 19:37:19,029 - src_local.agents.Support.penalty_engine - INFO - ­ƒÅå [HealthCalculus] Raw: 100.000 | Ceiling: 100 | Drain: 0.0 | Final: 100
2026-02-12 19:37:19,031 - test_orchestrator - INFO - Limpeza de ambiente de teste conclu├¡da.
2026-02-12 19:37:19,033 - test_orchestrator - INFO - Iniciando testes no Orquestrador: test_init
2026-02-12 19:37:19,033 - src_local.agents.Support.infrastructure_assembler - INFO - ­ƒòÁ´©ÅÔÇìÔÖé´©Å [FBI_VERIFIED_RUN] Montando junta de suporte core (FRESH)...
2026-02-12 19:37:19,033 - src_local.agents.Support.infrastructure_assembler - INFO - ­ƒòÁ´©ÅÔÇìÔÖé´©Å [FBI_VERIFIED_RUN] Montando junta de suporte core (FRESH)...
2026-02-12 19:37:19,034 - src_local.agents.Support.infrastructure_assembler - INFO - ­ƒÄ╝ [Assembler] Mobilizando ferramentas do maestro para: C:\Users\joaom\AppData\Local\Temp\tmp7r92bkpg (FRESH)
2026-02-12 19:37:19,035 - test_orchestrator - INFO - Limpeza de ambiente de teste conclu├¡da.
2026-02-12 19:37:19,036 - test_orchestrator - INFO - Iniciando testes no Orquestrador: test_persona_mobilization
2026-02-12 19:37:19,036 - src_local.agents.Support.infrastructure_assembler - INFO - ­ƒòÁ´©ÅÔÇìÔÖé´©Å [FBI_VERIFIED_RUN] Montando junta de suporte core (FRESH)...
2026-02-12 19:37:19,037 - src_local.agents.Support.infrastructure_assembler - INFO - ­ƒòÁ´©ÅÔÇìÔÖé´©Å [FBI_VERIFIED_RUN] Montando junta de suporte core (FRESH)...
2026-02-12 19:37:19,037 - src_local.agents.Support.infrastructure_assembler - INFO - ­ƒÄ╝ [Assembler] Mobilizando ferramentas do maestro para: C:\Users\joaom\AppData\Local\Temp\tmp98fwpzbi (FRESH)
2026-02-12 19:37:19,039 - src_local.agents.Support.infrastructure_assembler - INFO - ­ƒòÁ´©ÅÔÇìÔÖé´©Å [FBI_VERIFIED_RUN] Montando junta de suporte core (FRESH)...
2026-02-12 19:37:19,041 - src_local.agents.Support.infrastructure_assembler - INFO - ­ƒòÁ´©ÅÔÇìÔÖé´©Å [FBI_VERIFIED_RUN] Montando junta de suporte core (FRESH)...
2026-02-12 19:37:19,042 - src_local.agents.Support.infrastructure_assembler - INFO - ­ƒòÁ´©ÅÔÇìÔÖé´©Å [FBI_VERIFIED_RUN] Montando junta de suporte core (FRESH)...
2026-02-12 19:37:19,043 - src_local.agents.Support.infrastructure_assembler - INFO - ­ƒòÁ´©ÅÔÇìÔÖé´©Å [FBI_VERIFIED_RUN] Montando junta de suporte core (FRESH)...
2026-02-12 19:37:19,045 - src_local.agents.Support.infrastructure_assembler - INFO - ­ƒòÁ´©ÅÔÇìÔÖé´©Å [FBI_VERIFIED_RUN] Montando junta de suporte core (FRESH)...
2026-02-12 19:37:19,046 - src_local.agents.Support.infrastructure_assembler - INFO - ­ƒòÁ´©ÅÔÇìÔÖé´©Å [FBI_VERIFIED_RUN] Montando junta de suporte core (FRESH)...
2026-02-12 19:37:19,047 - src_local.agents.Support.infrastructure_assembler - INFO - ­ƒòÁ´©ÅÔÇìÔÖé´©Å [FBI_VERIFIED_RUN] Montando junta de suporte core (FRESH)...
2026-02-12 19:37:19,053 - src_local.agents.Support.infrastructure_assembler - INFO - ­ƒòÁ´©ÅÔÇìÔÖé´©Å [FBI_VERIFIED_RUN] Montando junta de suporte core (FRESH)...
2026-02-12 19:37:19,054 - src_local.agents.Support.infrastructure_assembler - INFO - ­ƒòÁ´©ÅÔÇìÔÖé´©Å [FBI_VERIFIED_RUN] Montando junta de suporte core (FRESH)...
2026-02-12 19:37:19,056 - src_local.agents.Support.infrastructure_assembler - INFO - ­ƒòÁ´©ÅÔÇìÔÖé´©Å [FBI_VERIFIED_RUN] Montando junta de suporte core (FRESH)...
2026-02-12 19:37:19,057 - src_local.agents.Support.infrastructure_assembler - INFO - ­ƒòÁ´©ÅÔÇìÔÖé´©Å [FBI_VERIFIED_RUN] Montando junta de suporte core (FRESH)...
2026-02-12 19:37:19,058 - src_local.agents.Support.infrastructure_assembler - INFO - ­ƒòÁ´©ÅÔÇìÔÖé´©Å [FBI_VERIFIED_RUN] Montando junta de suporte core (FRESH)...
2026-02-12 19:37:19,059 - src_local.agents.Support.infrastructure_assembler - INFO - ­ƒòÁ´©ÅÔÇìÔÖé´©Å [FBI_VERIFIED_RUN] Montando junta de suporte core (FRESH)...
2026-02-12 19:37:19,061 - src_local.agents.Support.infrastructure_assembler - INFO - ­ƒòÁ´©ÅÔÇìÔÖé´©Å [FBI_VERIFIED_RUN] Montando junta de suporte core (FRESH)...
2026-02-12 19:37:19,062 - src_local.agents.Support.infrastructure_assembler - INFO - ­ƒòÁ´©ÅÔÇìÔÖé´©Å [FBI_VERIFIED_RUN] Montando junta de suporte core (FRESH)...
2026-02-12 19:37:19,064 - src_local.agents.Support.infrastructure_assembler - INFO - ­ƒòÁ´©ÅÔÇìÔÖé´©Å [FBI_VERIFIED_RUN] Montando junta de suporte core (FRESH)...
2026-02-12 19:37:19,068 - src_local.agents.Support.infrastructure_assembler - INFO - ­ƒòÁ´©ÅÔÇìÔÖé´©Å [FBI_VERIFIED_RUN] Montando junta de suporte core (FRESH)...
2026-02-12 19:37:19,069 - src_local.agents.Support.infrastructure_assembler - INFO - ­ƒòÁ´©ÅÔÇìÔÖé´©Å [FBI_VERIFIED_RUN] Montando junta de suporte core (FRESH)...
2026-02-12 19:37:19,071 - src_local.agents.Support.infrastructure_assembler - INFO - ­ƒòÁ´©ÅÔÇìÔÖé´©Å [FBI_VERIFIED_RUN] Montando junta de suporte core (FRESH)...
2026-02-12 19:37:19,077 - src_local.agents.Support.infrastructure_assembler - INFO - ­ƒòÁ´©ÅÔÇìÔÖé´©Å [FBI_VERIFIED_RUN] Montando junta de suporte core (FRESH)...
2026-02-12 19:37:19,084 - src_local.agents.Support.infrastructure_assembler - INFO - ­ƒòÁ´©ÅÔÇìÔÖé´©Å [FBI_VERIFIED_RUN] Montando junta de suporte core (FRESH)...
2026-02-12 19:37:19,086 - src_local.agents.Support.infrastructure_assembler - INFO - ­ƒòÁ´©ÅÔÇìÔÖé´©Å [FBI_VERIFIED_RUN] Montando junta de suporte core (FRESH)...
2026-02-12 19:37:19,088 - src_local.agents.Support.infrastructure_assembler - INFO - ­ƒòÁ´©ÅÔÇìÔÖé´©Å [FBI_VERIFIED_RUN] Montando junta de suporte core (FRESH)...
2026-02-12 19:37:19,089 - src_local.agents.Support.infrastructure_assembler - INFO - ­ƒòÁ´©ÅÔÇìÔÖé´©Å [FBI_VERIFIED_RUN] Montando junta de suporte core (FRESH)...
2026-02-12 19:37:19,090 - src_local.agents.Support.infrastructure_assembler - INFO - ­ƒòÁ´©ÅÔÇìÔÖé´©Å [FBI_VERIFIED_RUN] Montando junta de suporte core (FRESH)...
2026-02-12 19:37:19,092 - src_local.agents.Support.infrastructure_assembler - INFO - ­ƒòÁ´©ÅÔÇìÔÖé´©Å [FBI_VERIFIED_RUN] Montando junta de suporte core (FRESH)...
2026-02-12 19:37:19,097 - src_local.agents.Support.infrastructure_assembler - INFO - ­ƒòÁ´©ÅÔÇìÔÖé´©Å [FBI_VERIFIED_RUN] Montando junta de suporte core (FRESH)...
2026-02-12 19:37:19,099 - src_local.agents.Support.infrastructure_assembler - INFO - ­ƒòÁ´©ÅÔÇìÔÖé´©Å [FBI_VERIFIED_RUN] Montando junta de suporte core (FRESH)...
2026-02-12 19:37:19,100 - src_local.agents.Support.infrastructure_assembler - INFO - ­ƒòÁ´©ÅÔÇìÔÖé´©Å [FBI_VERIFIED_RUN] Montando junta de suporte core (FRESH)...
2026-02-12 19:37:19,102 - src_local.agents.Support.infrastructure_assembler - INFO - ­ƒòÁ´©ÅÔÇìÔÖé´©Å [FBI_VERIFIED_RUN] Montando junta de suporte core (FRESH)...
2026-02-12 19:37:19,103 - src_local.agents.Support.infrastructure_assembler - INFO - ­ƒòÁ´©ÅÔÇìÔÖé´©Å [FBI_VERIFIED_RUN] Montando junta de suporte core (FRESH)...
2026-02-12 19:37:19,105 - src_local.agents.Support.infrastructure_assembler - INFO - ­ƒòÁ´©ÅÔÇìÔÖé´©Å [FBI_VERIFIED_RUN] Montando junta de suporte core (FRESH)...
2026-02-12 19:37:19,106 - src_local.agents.Support.infrastructure_assembler - INFO - ­ƒòÁ´©ÅÔÇìÔÖé´©Å [FBI_VERIFIED_RUN] Montando junta de suporte core (FRESH)...
2026-02-12 19:37:19,108 - src_local.agents.Support.infrastructure_assembler - INFO - ­ƒòÁ´©ÅÔÇìÔÖé´©Å [FBI_VERIFIED_RUN] Montando junta de suporte core (FRESH)...
2026-02-12 19:37:19,109 - src_local.agents.Support.infrastructure_assembler - INFO - ­ƒòÁ´©ÅÔÇìÔÖé´©Å [FBI_VERIFIED_RUN] Montando junta de suporte core (FRESH)...
2026-02-12 19:37:19,111 - src_local.agents.Support.infrastructure_assembler - INFO - ­ƒòÁ´©ÅÔÇìÔÖé´©Å [FBI_VERIFIED_RUN] Montando junta de suporte core (FRESH)...
2026-02-12 19:37:19,112 - src_local.agents.Support.infrastructure_assembler - INFO - ­ƒòÁ´©ÅÔÇìÔÖé´©Å [FBI_VERIFIED_RUN] Montando junta de suporte core (FRESH)...
2026-02-12 19:37:19,114 - src_local.agents.Support.infrastructure_assembler - INFO - ­ƒòÁ´©ÅÔÇìÔÖé´©Å [FBI_VERIFIED_RUN] Montando junta de suporte core (FRESH)...
2026-02-12 19:37:19,115 - src_local.agents.Support.infrastructure_assembler - INFO - ­ƒòÁ´©ÅÔÇìÔÖé´©Å [FBI_VERIFIED_RUN] Montando junta de suporte core (FRESH)...
2026-02-12 19:37:19,117 - src_local.agents.Support.infrastructure_assembler - INFO - ­ƒòÁ´©ÅÔÇìÔÖé´©Å [FBI_VERIFIED_RUN] Montando junta de suporte core (FRESH)...
2026-02-12 19:37:19,119 - src_local.agents.Support.infrastructure_assembler - INFO - ­ƒòÁ´©ÅÔÇìÔÖé´©Å [FBI_VERIFIED_RUN] Montando junta de suporte core (FRESH)...
2026-02-12 19:37:19,120 - src_local.agents.Support.infrastructure_assembler - INFO - ­ƒòÁ´©ÅÔÇìÔÖé´©Å [FBI_VERIFIED_RUN] Montando junta de suporte core (FRESH)...
2026-02-12 19:37:19,122 - src_local.agents.Support.infrastructure_assembler - INFO - ­ƒòÁ´©ÅÔÇìÔÖé´©Å [FBI_VERIFIED_RUN] Montando junta de suporte core (FRESH)...
2026-02-12 19:37:19,123 - src_local.agents.Support.infrastructure_assembler - INFO - ­ƒòÁ´©ÅÔÇìÔÖé´©Å [FBI_VERIFIED_RUN] Montando junta de suporte core (FRESH)...
2026-02-12 19:37:19,130 - src_local.agents.Support.infrastructure_assembler - INFO - ­ƒòÁ´©ÅÔÇìÔÖé´©Å [FBI_VERIFIED_RUN] Montando junta de suporte core (FRESH)...
2026-02-12 19:37:19,131 - src_local.agents.Support.infrastructure_assembler - INFO - ­ƒòÁ´©ÅÔÇìÔÖé´©Å [FBI_VERIFIED_RUN] Montando junta de suporte core (FRESH)...
2026-02-12 19:37:19,132 - src_local.agents.Support.infrastructure_assembler - INFO - ­ƒòÁ´©ÅÔÇìÔÖé´©Å [FBI_VERIFIED_RUN] Montando junta de suporte core (FRESH)...
2026-02-12 19:37:19,134 - src_local.agents.Support.infrastructure_assembler - INFO - ­ƒòÁ´©ÅÔÇìÔÖé´©Å [FBI_VERIFIED_RUN] Montando junta de suporte core (FRESH)...
2026-02-12 19:37:19,136 - src_local.agents.Support.infrastructure_assembler - INFO - ­ƒòÁ´©ÅÔÇìÔÖé´©Å [FBI_VERIFIED_RUN] Montando junta de suporte core (FRESH)...
2026-02-12 19:37:19,137 - src_local.agents.Support.infrastructure_assembler - INFO - ­ƒòÁ´©ÅÔÇìÔÖé´©Å [FBI_VERIFIED_RUN] Montando junta de suporte core (FRESH)...
2026-02-12 19:37:19,139 - src_local.agents.Support.infrastructure_assembler - INFO - ­ƒòÁ´©ÅÔÇìÔÖé´©Å [FBI_VERIFIED_RUN] Montando junta de suporte core (FRESH)...
2026-02-12 19:37:19,140 - src_local.agents.Support.infrastructure_assembler - INFO - ­ƒòÁ´©ÅÔÇìÔÖé´©Å [FBI_VERIFIED_RUN] Montando junta de suporte core (FRESH)...
2026-02-12 19:37:19,145 - src_local.agents.Support.infrastructure_assembler - INFO - ­ƒòÁ´©ÅÔÇìÔÖé´©Å [FBI_VERIFIED_RUN] Montando junta de suporte core (FRESH)...
2026-02-12 19:37:19,147 - src_local.agents.Support.infrastructure_assembler - INFO - ­ƒòÁ´©ÅÔÇìÔÖé´©Å [FBI_VERIFIED_RUN] Montando junta de suporte core (FRESH)...
2026-02-12 19:37:19,148 - src_local.agents.Support.infrastructure_assembler - INFO - ­ƒòÁ´©ÅÔÇìÔÖé´©Å [FBI_VERIFIED_RUN] Montando junta de suporte core (FRESH)...
2026-02-12 19:37:19,150 - src_local.agents.Support.infrastructure_assembler - INFO - ­ƒòÁ´©ÅÔÇìÔÖé´©Å [FBI_VERIFIED_RUN] Montando junta de suporte core (FRESH)...
2026-02-12 19:37:19,151 - src_local.agents.Support.infrastructure_assembler - INFO - ­ƒòÁ´©ÅÔÇìÔÖé´©Å [FBI_VERIFIED_RUN] Montando junta de suporte core (FRESH)...
2026-02-12 19:37:19,152 - src_local.agents.Support.infrastructure_assembler - INFO - ­ƒòÁ´©ÅÔÇìÔÖé´©Å [FBI_VERIFIED_RUN] Montando junta de suporte core (FRESH)...
2026-02-12 19:37:19,154 - src_local.agents.Support.infrastructure_assembler - INFO - ­ƒòÁ´©ÅÔÇìÔÖé´©Å [FBI_VERIFIED_RUN] Montando junta de suporte core (FRESH)...
2026-02-12 19:37:19,155 - src_local.agents.Support.infrastructure_assembler - INFO - ­ƒòÁ´©ÅÔÇìÔÖé´©Å [FBI_VERIFIED_RUN] Montando junta de suporte core (FRESH)...
2026-02-12 19:37:19,157 - src_local.agents.Support.infrastructure_assembler - INFO - ­ƒòÁ´©ÅÔÇìÔÖé´©Å [FBI_VERIFIED_RUN] Montando junta de suporte core (FRESH)...
2026-02-12 19:37:19,158 - src_local.agents.Support.infrastructure_assembler - INFO - ­ƒòÁ´©ÅÔÇìÔÖé´©Å [FBI_VERIFIED_RUN] Montando junta de suporte core (FRESH)...
2026-02-12 19:37:19,159 - src_local.agents.Support.infrastructure_assembler - INFO - ­ƒòÁ´©ÅÔÇìÔÖé´©Å [FBI_VERIFIED_RUN] Montando junta de suporte core (FRESH)...
2026-02-12 19:37:19,161 - src_local.agents.Support.infrastructure_assembler - INFO - ­ƒòÁ´©ÅÔÇìÔÖé´©Å [FBI_VERIFIED_RUN] Montando junta de suporte core (FRESH)...
2026-02-12 19:37:19,162 - src_local.agents.Support.infrastructure_assembler - INFO - ­ƒòÁ´©ÅÔÇìÔÖé´©Å [FBI_VERIFIED_RUN] Montando junta de suporte core (FRESH)...
2026-02-12 19:37:19,163 - src_local.agents.Support.infrastructure_assembler - INFO - ­ƒòÁ´©ÅÔÇìÔÖé´©Å [FBI_VERIFIED_RUN] Montando junta de suporte core (FRESH)...
2026-02-12 19:37:19,165 - src_local.agents.Support.infrastructure_assembler - INFO - ­ƒòÁ´©ÅÔÇìÔÖé´©Å [FBI_VERIFIED_RUN] Montando junta de suporte core (FRESH)...
2026-02-12 19:37:19,166 - src_local.agents.Support.infrastructure_assembler - INFO - ­ƒòÁ´©ÅÔÇìÔÖé´©Å [FBI_VERIFIED_RUN] Montando junta de suporte core (FRESH)...
2026-02-12 19:37:19,168 - src_local.agents.Support.infrastructure_assembler - INFO - ­ƒòÁ´©ÅÔÇìÔÖé´©Å [FBI_VERIFIED_RUN] Montando junta de suporte core (FRESH)...
2026-02-12 19:37:19,169 - src_local.agents.Support.infrastructure_assembler - INFO - ­ƒòÁ´©ÅÔÇìÔÖé´©Å [FBI_VERIFIED_RUN] Montando junta de suporte core (FRESH)...
2026-02-12 19:37:19,171 - src_local.agents.Support.infrastructure_assembler - INFO - ­ƒòÁ´©ÅÔÇìÔÖé´©Å [FBI_VERIFIED_RUN] Montando junta de suporte core (FRESH)...
2026-02-12 19:37:19,173 - src_local.agents.Support.infrastructure_assembler - INFO - ­ƒòÁ´©ÅÔÇìÔÖé´©Å [FBI_VERIFIED_RUN] Montando junta de suporte core (FRESH)...
2026-02-12 19:37:19,175 - src_local.agents.Support.infrastructure_assembler - INFO - ­ƒòÁ´©ÅÔÇìÔÖé´©Å [FBI_VERIFIED_RUN] Montando junta de suporte core (FRESH)...
2026-02-12 19:37:19,176 - src_local.agents.Support.infrastructure_assembler - INFO - ­ƒòÁ´©ÅÔÇìÔÖé´©Å [FBI_VERIFIED_RUN] Montando junta de suporte core (FRESH)...
2026-02-12 19:37:19,178 - src_local.agents.Support.infrastructure_assembler - INFO - ­ƒòÁ´©ÅÔÇìÔÖé´©Å [FBI_VERIFIED_RUN] Montando junta de suporte core (FRESH)...
2026-02-12 19:37:19,179 - src_local.agents.Support.infrastructure_assembler - INFO - ­ƒòÁ´©ÅÔÇìÔÖé´©Å [FBI_VERIFIED_RUN] Montando junta de suporte core (FRESH)...
2026-02-12 19:37:19,181 - src_local.agents.Support.infrastructure_assembler - INFO - ­ƒòÁ´©ÅÔÇìÔÖé´©Å [FBI_VERIFIED_RUN] Montando junta de suporte core (FRESH)...
2026-02-12 19:37:19,182 - src_local.agents.Support.infrastructure_assembler - INFO - ­ƒòÁ´©ÅÔÇìÔÖé´©Å [FBI_VERIFIED_RUN] Montando junta de suporte core (FRESH)...
2026-02-12 19:37:19,186 - test_orchestrator - INFO - Limpeza de ambiente de teste conclu├¡da.
2026-02-12 19:37:19,187 - TestPackageIntegrity - INFO - ÔÜí Iniciando verifica├º├úo de integridade de pacotes...
2026-02-12 19:37:19,187 - TestPackageIntegrity - INFO - Ô£à Pacote src_local.agents importado com sucesso.
2026-02-12 19:37:19,187 - TestPackageIntegrity - INFO - Ô£à Pacote src_local.agents.Flutter importado com sucesso.
2026-02-12 19:37:19,187 - TestPackageIntegrity - INFO - Ô£à Pacote src_local.agents.Kotlin importado com sucesso.
2026-02-12 19:37:19,187 - TestPackageIntegrity - INFO - Ô£à Pacote src_local.agents.Python importado com sucesso.
2026-02-12 19:37:19,187 - TestPackageIntegrity - INFO - Ô£à Pacote src_local.core importado com sucesso.
2026-02-12 19:37:19,188 - TestPackageIntegrity - INFO - Ô£à Pacote src_local.interface importado com sucesso.
2026-02-12 19:37:19,188 - TestPackageIntegrity - INFO - Ô£à Pacote src_local.utils importado com sucesso.
2026-02-12 19:37:19,188 - TestPackageIntegrity - INFO - Ô£à Verifica├º├úo de integridade conclu├¡da.
2026-02-12 19:37:19,188 - test_palette - INFO - Iniciando valida├º├úo de identidade do Palette...
2026-02-12 19:37:19,188 - src_local.agents.Support.infrastructure_assembler - INFO - ­ƒòÁ´©ÅÔÇìÔÖé´©Å [FBI_VERIFIED_RUN] Montando junta de suporte core (FRESH)...
2026-02-12 19:37:19,189 - test_palette - INFO - Ô£à Identidade validada.
2026-02-12 19:37:19,189 - TestParityAnalyst - INFO - ÔÜí Testando an├ílise de gaps de paridade...
2026-02-12 19:37:19,191 - TestParityAnalyst - INFO - Ô£à Gaps de paridade validados.
2026-02-12 19:37:19,191 - src_local.agents.Support.penalty_engine - INFO - ­ƒÅå [HealthCalculus] Raw: 100.000 | Ceiling: 100 | Drain: 0.0 | Final: 100
2026-02-12 19:37:19,192 - src_local.agents.Support.penalty_engine - INFO - ­ƒÅå [HealthCalculus] Raw: 100.000 | Ceiling: 85 | Drain: 5.0 | Final: 80
2026-02-12 19:37:19,193 - TestPersonaLoader - INFO - ÔÜí Testando l├│gica de mobiliza├º├úo de personas...
2026-02-12 19:37:19,196 - src_local.agents.Support.infrastructure_assembler - INFO - ­ƒòÁ´©ÅÔÇìÔÖé´©Å [FBI_VERIFIED_RUN] Montando junta de suporte core (FRESH)...
2026-02-12 19:37:19,198 - src_local.agents.Support.infrastructure_assembler - INFO - ­ƒòÁ´©ÅÔÇìÔÖé´©Å [FBI_VERIFIED_RUN] Montando junta de suporte core (FRESH)...
2026-02-12 19:37:19,199 - src_local.agents.Support.infrastructure_assembler - INFO - ­ƒòÁ´©ÅÔÇìÔÖé´©Å [FBI_VERIFIED_RUN] Montando junta de suporte core (FRESH)...
2026-02-12 19:37:19,201 - src_local.agents.Support.infrastructure_assembler - INFO - ­ƒòÁ´©ÅÔÇìÔÖé´©Å [FBI_VERIFIED_RUN] Montando junta de suporte core (FRESH)...
2026-02-12 19:37:19,202 - src_local.agents.Support.infrastructure_assembler - INFO - ­ƒòÁ´©ÅÔÇìÔÖé´©Å [FBI_VERIFIED_RUN] Montando junta de suporte core (FRESH)...
2026-02-12 19:37:19,203 - src_local.agents.Support.infrastructure_assembler - INFO - ­ƒòÁ´©ÅÔÇìÔÖé´©Å [FBI_VERIFIED_RUN] Montando junta de suporte core (FRESH)...
2026-02-12 19:37:19,205 - src_local.agents.Support.infrastructure_assembler - INFO - ­ƒòÁ´©ÅÔÇìÔÖé´©Å [FBI_VERIFIED_RUN] Montando junta de suporte core (FRESH)...
2026-02-12 19:37:19,207 - src_local.agents.Support.infrastructure_assembler - INFO - ­ƒòÁ´©ÅÔÇìÔÖé´©Å [FBI_VERIFIED_RUN] Montando junta de suporte core (FRESH)...
2026-02-12 19:37:19,208 - src_local.agents.Support.infrastructure_assembler - INFO - ­ƒòÁ´©ÅÔÇìÔÖé´©Å [FBI_VERIFIED_RUN] Montando junta de suporte core (FRESH)...
2026-02-12 19:37:19,210 - src_local.agents.Support.infrastructure_assembler - INFO - ­ƒòÁ´©ÅÔÇìÔÖé´©Å [FBI_VERIFIED_RUN] Montando junta de suporte core (FRESH)...
2026-02-12 19:37:19,211 - src_local.agents.Support.infrastructure_assembler - INFO - ­ƒòÁ´©ÅÔÇìÔÖé´©Å [FBI_VERIFIED_RUN] Montando junta de suporte core (FRESH)...
2026-02-12 19:37:19,213 - src_local.agents.Support.infrastructure_assembler - INFO - ­ƒòÁ´©ÅÔÇìÔÖé´©Å [FBI_VERIFIED_RUN] Montando junta de suporte core (FRESH)...
2026-02-12 19:37:19,214 - src_local.agents.Support.infrastructure_assembler - INFO - ­ƒòÁ´©ÅÔÇìÔÖé´©Å [FBI_VERIFIED_RUN] Montando junta de suporte core (FRESH)...
2026-02-12 19:37:19,215 - src_local.agents.Support.infrastructure_assembler - INFO - ­ƒòÁ´©ÅÔÇìÔÖé´©Å [FBI_VERIFIED_RUN] Montando junta de suporte core (FRESH)...
2026-02-12 19:37:19,217 - src_local.agents.Support.infrastructure_assembler - INFO - ­ƒòÁ´©ÅÔÇìÔÖé´©Å [FBI_VERIFIED_RUN] Montando junta de suporte core (FRESH)...
2026-02-12 19:37:19,218 - src_local.agents.Support.infrastructure_assembler - INFO - ­ƒòÁ´©ÅÔÇìÔÖé´©Å [FBI_VERIFIED_RUN] Montando junta de suporte core (FRESH)...
2026-02-12 19:37:19,220 - src_local.agents.Support.infrastructure_assembler - INFO - ­ƒòÁ´©ÅÔÇìÔÖé´©Å [FBI_VERIFIED_RUN] Montando junta de suporte core (FRESH)...
2026-02-12 19:37:19,222 - src_local.agents.Support.infrastructure_assembler - INFO - ­ƒòÁ´©ÅÔÇìÔÖé´©Å [FBI_VERIFIED_RUN] Montando junta de suporte core (FRESH)...
2026-02-12 19:37:19,223 - src_local.agents.Support.infrastructure_assembler - INFO - ­ƒòÁ´©ÅÔÇìÔÖé´©Å [FBI_VERIFIED_RUN] Montando junta de suporte core (FRESH)...
2026-02-12 19:37:19,224 - src_local.agents.Support.infrastructure_assembler - INFO - ­ƒòÁ´©ÅÔÇìÔÖé´©Å [FBI_VERIFIED_RUN] Montando junta de suporte core (FRESH)...
2026-02-12 19:37:19,226 - src_local.agents.Support.infrastructure_assembler - INFO - ­ƒòÁ´©ÅÔÇìÔÖé´©Å [FBI_VERIFIED_RUN] Montando junta de suporte core (FRESH)...
2026-02-12 19:37:19,227 - src_local.agents.Support.infrastructure_assembler - INFO - ­ƒòÁ´©ÅÔÇìÔÖé´©Å [FBI_VERIFIED_RUN] Montando junta de suporte core (FRESH)...
2026-02-12 19:37:19,229 - src_local.agents.Support.infrastructure_assembler - INFO - ­ƒòÁ´©ÅÔÇìÔÖé´©Å [FBI_VERIFIED_RUN] Montando junta de suporte core (FRESH)...
2026-02-12 19:37:19,230 - src_local.agents.Support.infrastructure_assembler - INFO - ­ƒòÁ´©ÅÔÇìÔÖé´©Å [FBI_VERIFIED_RUN] Montando junta de suporte core (FRESH)...
2026-02-12 19:37:19,231 - src_local.agents.Support.infrastructure_assembler - INFO - ­ƒòÁ´©ÅÔÇìÔÖé´©Å [FBI_VERIFIED_RUN] Montando junta de suporte core (FRESH)...
2026-02-12 19:37:19,233 - src_local.agents.Support.infrastructure_assembler - INFO - ­ƒòÁ´©ÅÔÇìÔÖé´©Å [FBI_VERIFIED_RUN] Montando junta de suporte core (FRESH)...
2026-02-12 19:37:19,237 - src_local.agents.Support.infrastructure_assembler - INFO - ­ƒòÁ´©ÅÔÇìÔÖé´©Å [FBI_VERIFIED_RUN] Montando junta de suporte core (FRESH)...
2026-02-12 19:37:19,239 - src_local.agents.Support.infrastructure_assembler - INFO - ­ƒòÁ´©ÅÔÇìÔÖé´©Å [FBI_VERIFIED_RUN] Montando junta de suporte core (FRESH)...
2026-02-12 19:37:19,240 - src_local.agents.Support.infrastructure_assembler - INFO - ­ƒòÁ´©ÅÔÇìÔÖé´©Å [FBI_VERIFIED_RUN] Montando junta de suporte core (FRESH)...
2026-02-12 19:37:19,242 - src_local.agents.Support.infrastructure_assembler - INFO - ­ƒòÁ´©ÅÔÇìÔÖé´©Å [FBI_VERIFIED_RUN] Montando junta de suporte core (FRESH)...
2026-02-12 19:37:19,244 - src_local.agents.Support.infrastructure_assembler - INFO - ­ƒòÁ´©ÅÔÇìÔÖé´©Å [FBI_VERIFIED_RUN] Montando junta de suporte core (FRESH)...
2026-02-12 19:37:19,245 - src_local.agents.Support.infrastructure_assembler - INFO - ­ƒòÁ´©ÅÔÇìÔÖé´©Å [FBI_VERIFIED_RUN] Montando junta de suporte core (FRESH)...
2026-02-12 19:37:19,247 - src_local.agents.Support.infrastructure_assembler - INFO - ­ƒòÁ´©ÅÔÇìÔÖé´©Å [FBI_VERIFIED_RUN] Montando junta de suporte core (FRESH)...
2026-02-12 19:37:19,249 - src_local.agents.Support.infrastructure_assembler - INFO - ­ƒòÁ´©ÅÔÇìÔÖé´©Å [FBI_VERIFIED_RUN] Montando junta de suporte core (FRESH)...
2026-02-12 19:37:19,250 - src_local.agents.Support.infrastructure_assembler - INFO - ­ƒòÁ´©ÅÔÇìÔÖé´©Å [FBI_VERIFIED_RUN] Montando junta de suporte core (FRESH)...
2026-02-12 19:37:19,253 - src_local.agents.Support.infrastructure_assembler - INFO - ­ƒòÁ´©ÅÔÇìÔÖé´©Å [FBI_VERIFIED_RUN] Montando junta de suporte core (FRESH)...
2026-02-12 19:37:19,255 - src_local.agents.Support.infrastructure_assembler - INFO - ­ƒòÁ´©ÅÔÇìÔÖé´©Å [FBI_VERIFIED_RUN] Montando junta de suporte core (FRESH)...
2026-02-12 19:37:19,256 - src_local.agents.Support.infrastructure_assembler - INFO - ­ƒòÁ´©ÅÔÇìÔÖé´©Å [FBI_VERIFIED_RUN] Montando junta de suporte core (FRESH)...
2026-02-12 19:37:19,257 - src_local.agents.Support.infrastructure_assembler - INFO - ­ƒòÁ´©ÅÔÇìÔÖé´©Å [FBI_VERIFIED_RUN] Montando junta de suporte core (FRESH)...
2026-02-12 19:37:19,259 - src_local.agents.Support.infrastructure_assembler - INFO - ­ƒòÁ´©ÅÔÇìÔÖé´©Å [FBI_VERIFIED_RUN] Montando junta de suporte core (FRESH)...
2026-02-12 19:37:19,260 - src_local.agents.Support.infrastructure_assembler - INFO - ­ƒòÁ´©ÅÔÇìÔÖé´©Å [FBI_VERIFIED_RUN] Montando junta de suporte core (FRESH)...
2026-02-12 19:37:19,262 - src_local.agents.Support.infrastructure_assembler - INFO - ­ƒòÁ´©ÅÔÇìÔÖé´©Å [FBI_VERIFIED_RUN] Montando junta de suporte core (FRESH)...
2026-02-12 19:37:19,263 - src_local.agents.Support.infrastructure_assembler - INFO - ­ƒòÁ´©ÅÔÇìÔÖé´©Å [FBI_VERIFIED_RUN] Montando junta de suporte core (FRESH)...
2026-02-12 19:37:19,265 - src_local.agents.Support.infrastructure_assembler - INFO - ­ƒòÁ´©ÅÔÇìÔÖé´©Å [FBI_VERIFIED_RUN] Montando junta de suporte core (FRESH)...
2026-02-12 19:37:19,267 - src_local.agents.Support.infrastructure_assembler - INFO - ­ƒòÁ´©ÅÔÇìÔÖé´©Å [FBI_VERIFIED_RUN] Montando junta de suporte core (FRESH)...
2026-02-12 19:37:19,268 - src_local.agents.Support.infrastructure_assembler - INFO - ­ƒòÁ´©ÅÔÇìÔÖé´©Å [FBI_VERIFIED_RUN] Montando junta de suporte core (FRESH)...
2026-02-12 19:37:19,270 - src_local.agents.Support.infrastructure_assembler - INFO - ­ƒòÁ´©ÅÔÇìÔÖé´©Å [FBI_VERIFIED_RUN] Montando junta de suporte core (FRESH)...
2026-02-12 19:37:19,271 - src_local.agents.Support.infrastructure_assembler - INFO - ­ƒòÁ´©ÅÔÇìÔÖé´©Å [FBI_VERIFIED_RUN] Montando junta de suporte core (FRESH)...
2026-02-12 19:37:19,273 - src_local.agents.Support.infrastructure_assembler - INFO - ­ƒòÁ´©ÅÔÇìÔÖé´©Å [FBI_VERIFIED_RUN] Montando junta de suporte core (FRESH)...
2026-02-12 19:37:19,274 - src_local.agents.Support.infrastructure_assembler - INFO - ­ƒòÁ´©ÅÔÇìÔÖé´©Å [FBI_VERIFIED_RUN] Montando junta de suporte core (FRESH)...
2026-02-12 19:37:19,275 - src_local.agents.Support.infrastructure_assembler - INFO - ­ƒòÁ´©ÅÔÇìÔÖé´©Å [FBI_VERIFIED_RUN] Montando junta de suporte core (FRESH)...
2026-02-12 19:37:19,277 - src_local.agents.Support.infrastructure_assembler - INFO - ­ƒòÁ´©ÅÔÇìÔÖé´©Å [FBI_VERIFIED_RUN] Montando junta de suporte core (FRESH)...
2026-02-12 19:37:19,280 - src_local.agents.Support.infrastructure_assembler - INFO - ­ƒòÁ´©ÅÔÇìÔÖé´©Å [FBI_VERIFIED_RUN] Montando junta de suporte core (FRESH)...
2026-02-12 19:37:19,282 - src_local.agents.Support.infrastructure_assembler - INFO - ­ƒòÁ´©ÅÔÇìÔÖé´©Å [FBI_VERIFIED_RUN] Montando junta de suporte core (FRESH)...
2026-02-12 19:37:19,284 - src_local.agents.Support.infrastructure_assembler - INFO - ­ƒòÁ´©ÅÔÇìÔÖé´©Å [FBI_VERIFIED_RUN] Montando junta de suporte core (FRESH)...
2026-02-12 19:37:19,286 - src_local.agents.Support.infrastructure_assembler - INFO - ­ƒòÁ´©ÅÔÇìÔÖé´©Å [FBI_VERIFIED_RUN] Montando junta de suporte core (FRESH)...
2026-02-12 19:37:19,287 - src_local.agents.Support.infrastructure_assembler - INFO - ­ƒòÁ´©ÅÔÇìÔÖé´©Å [FBI_VERIFIED_RUN] Montando junta de suporte core (FRESH)...
2026-02-12 19:37:19,289 - src_local.agents.Support.infrastructure_assembler - INFO - ­ƒòÁ´©ÅÔÇìÔÖé´©Å [FBI_VERIFIED_RUN] Montando junta de suporte core (FRESH)...
2026-02-12 19:37:19,291 - src_local.agents.Support.infrastructure_assembler - INFO - ­ƒòÁ´©ÅÔÇìÔÖé´©Å [FBI_VERIFIED_RUN] Montando junta de suporte core (FRESH)...
2026-02-12 19:37:19,293 - src_local.agents.Support.infrastructure_assembler - INFO - ­ƒòÁ´©ÅÔÇìÔÖé´©Å [FBI_VERIFIED_RUN] Montando junta de suporte core (FRESH)...
2026-02-12 19:37:19,295 - src_local.agents.Support.infrastructure_assembler - INFO - ­ƒòÁ´©ÅÔÇìÔÖé´©Å [FBI_VERIFIED_RUN] Montando junta de suporte core (FRESH)...
2026-02-12 19:37:19,296 - src_local.agents.Support.infrastructure_assembler - INFO - ­ƒòÁ´©ÅÔÇìÔÖé´©Å [FBI_VERIFIED_RUN] Montando junta de suporte core (FRESH)...
2026-02-12 19:37:19,298 - src_local.agents.Support.infrastructure_assembler - INFO - ­ƒòÁ´©ÅÔÇìÔÖé´©Å [FBI_VERIFIED_RUN] Montando junta de suporte core (FRESH)...
2026-02-12 19:37:19,300 - src_local.agents.Support.infrastructure_assembler - INFO - ­ƒòÁ´©ÅÔÇìÔÖé´©Å [FBI_VERIFIED_RUN] Montando junta de suporte core (FRESH)...
2026-02-12 19:37:19,301 - src_local.agents.Support.infrastructure_assembler - INFO - ­ƒòÁ´©ÅÔÇìÔÖé´©Å [FBI_VERIFIED_RUN] Montando junta de suporte core (FRESH)...
2026-02-12 19:37:19,303 - src_local.agents.Support.infrastructure_assembler - INFO - ­ƒòÁ´©ÅÔÇìÔÖé´©Å [FBI_VERIFIED_RUN] Montando junta de suporte core (FRESH)...
2026-02-12 19:37:19,305 - src_local.agents.Support.infrastructure_assembler - INFO - ­ƒòÁ´©ÅÔÇìÔÖé´©Å [FBI_VERIFIED_RUN] Montando junta de suporte core (FRESH)...
2026-02-12 19:37:19,306 - src_local.agents.Support.infrastructure_assembler - INFO - ­ƒòÁ´©ÅÔÇìÔÖé´©Å [FBI_VERIFIED_RUN] Montando junta de suporte core (FRESH)...
2026-02-12 19:37:19,308 - src_local.agents.Support.infrastructure_assembler - INFO - ­ƒòÁ´©ÅÔÇìÔÖé´©Å [FBI_VERIFIED_RUN] Montando junta de suporte core (FRESH)...
2026-02-12 19:37:19,310 - src_local.agents.Support.infrastructure_assembler - INFO - ­ƒòÁ´©ÅÔÇìÔÖé´©Å [FBI_VERIFIED_RUN] Montando junta de suporte core (FRESH)...
2026-02-12 19:37:19,311 - src_local.agents.Support.infrastructure_assembler - INFO - ­ƒòÁ´©ÅÔÇìÔÖé´©Å [FBI_VERIFIED_RUN] Montando junta de suporte core (FRESH)...
2026-02-12 19:37:19,313 - src_local.agents.Support.infrastructure_assembler - INFO - ­ƒòÁ´©ÅÔÇìÔÖé´©Å [FBI_VERIFIED_RUN] Montando junta de suporte core (FRESH)...
2026-02-12 19:37:19,315 - src_local.agents.Support.infrastructure_assembler - INFO - ­ƒòÁ´©ÅÔÇìÔÖé´©Å [FBI_VERIFIED_RUN] Montando junta de suporte core (FRESH)...
2026-02-12 19:37:19,317 - src_local.agents.Support.infrastructure_assembler - INFO - ­ƒòÁ´©ÅÔÇìÔÖé´©Å [FBI_VERIFIED_RUN] Montando junta de suporte core (FRESH)...
2026-02-12 19:37:19,318 - src_local.agents.Support.infrastructure_assembler - INFO - ­ƒòÁ´©ÅÔÇìÔÖé´©Å [FBI_VERIFIED_RUN] Montando junta de suporte core (FRESH)...
2026-02-12 19:37:19,320 - src_local.agents.Support.infrastructure_assembler - INFO - ­ƒòÁ´©ÅÔÇìÔÖé´©Å [FBI_VERIFIED_RUN] Montando junta de suporte core (FRESH)...
2026-02-12 19:37:19,321 - src_local.agents.Support.infrastructure_assembler - INFO - ­ƒòÁ´©ÅÔÇìÔÖé´©Å [FBI_VERIFIED_RUN] Montando junta de suporte core (FRESH)...
2026-02-12 19:37:19,323 - src_local.agents.Support.infrastructure_assembler - INFO - ­ƒòÁ´©ÅÔÇìÔÖé´©Å [FBI_VERIFIED_RUN] Montando junta de suporte core (FRESH)...
2026-02-12 19:37:19,326 - TestPersonaLoader - INFO - Ô£à Mobiliza├º├úo validada: 78 personas detectadas.
2026-02-12 19:37:19,327 - TestPersonaManager - INFO - ÔÜí Testando l├│gica de censo PhD...
2026-02-12 19:37:19,330 - scripts.persona_manager - INFO - ­ƒÅø´©Å Iniciando Valida├º├úo de Censo PhD...
2026-02-12 19:37:19,331 - scripts.persona_manager - WARNING - ÔÜá´©Å PhD Fantasma: Bolt possui identidade mas o arquivo bolt.py est├í ausente.
2026-02-12 19:37:19,331 - scripts.persona_manager - INFO - Ô£¿ Censo conclu├¡do: 1 PhDs operacionais in 0.0009s.
2026-02-12 19:37:19,333 - TestPersonaManager - INFO - Ô£à L├│gica de censo PhD validada com profundidade.
2026-02-12 19:37:19,334 - TestPhdHelpers - INFO - ÔÜí Testando MaintenanceEnginePhD (sem subm├│dulos)...
2026-02-12 19:37:19,334 - TestPhdHelpers - INFO - Ô£à MaintenanceEngine validado.
2026-02-12 19:37:19,334 - TestPhdHelpers - INFO - ÔÜí Testando ReflexEnginePhD (trigger none)...
2026-02-12 19:37:19,334 - TestPhdHelpers - INFO - Ô£à ReflexEngine validado.
2026-02-12 19:37:19,335 - TestPhdHelpers - INFO - ÔÜí Testando ScoringEnginePhD...
2026-02-12 19:37:19,335 - TestPhdHelpers - INFO - Ô£à ScoringEngine validado.
2026-02-12 19:37:19,335 - TestPhdHelpers - INFO - ÔÜí Testando TopologyEnginePhD...
2026-02-12 19:37:19,335 - TestPhdHelpers - INFO - Ô£à TopologyEngine validado.
2026-02-12 19:37:19,335 - TestPhdHelpers - INFO - ÔÜí Testando VetoRulesPhD...
2026-02-12 19:37:19,336 - TestPhdHelpers - INFO - Ô£à VetoRules validado.
2026-02-12 19:37:19,336 - test_probe - INFO - Iniciando valida├º├úo de identidade do Probe...
2026-02-12 19:37:19,336 - src_local.agents.Support.infrastructure_assembler - INFO - ­ƒòÁ´©ÅÔÇìÔÖé´©Å [FBI_VERIFIED_RUN] Montando junta de suporte core (FRESH)...
2026-02-12 19:37:19,337 - test_probe - INFO - Ô£à Identidade validada.
2026-02-12 19:37:19,337 - TestPyramidAnalyst - INFO - ÔÜí Testando pir├ómide de testes...
2026-02-12 19:37:19,337 - TestPyramidAnalyst - INFO - Ô£à Pir├ómide de testes validada.
2026-02-12 19:37:19,337 - test_python_personas - INFO - Auditando integridade contratual da junta de PhDs Python...
2026-02-12 19:37:19,338 - test_python_personas - INFO - Ô£à Contrato validado para 0 PhDs Python.
2026-02-12 19:37:19,338 - TestQualityAnalyst - INFO - ÔÜí Testando c├ílculo da matriz de confian├ºa...
2026-02-12 19:37:19,341 - TestQualityAnalyst - INFO - Ô£à Matriz de confian├ºa validada.
2026-02-12 19:37:19,341 - TestReflexEnginePhd - INFO - ÔÜí Testando aviso de fragilidade...
2026-02-12 19:37:19,342 - TestReflexEnginePhd - INFO - Ô£à Aviso de fragilidade validado.
2026-02-12 19:37:19,343 - TestReflexEnginePhd - INFO - ÔÜí Testando sincronia do DependencyAuditor...
2026-02-12 19:37:19,344 - TestReflexEnginePhd - INFO - Ô£à Sincronia do Auditor validada.
2026-02-12 19:37:19,344 - TestReflexEnginePhd - INFO - ÔÜí Testando gatilho de cura do Voyager...
2026-02-12 19:37:19,346 - TestReflexEnginePhd - INFO - Ô£à Gatilho do Voyager validado.
2026-02-12 19:37:19,346 - TestRegistryCompiler - INFO - ÔÜí Testando compila├º├úo de registro...
2026-02-12 19:37:19,351 - TestRegistryCompiler - INFO - Ô£à Compila├º├úo de registro validada.
2026-02-12 19:37:19,351 - TestReportFormatter - INFO - ÔÜí Testando formata├º├úo do Codex Obscurus...
2026-02-12 19:37:19,352 - TestReportFormatter - INFO - DEBUG Formatter output: ## ­ƒòÁ´©Å CODEX OBSCURUS: An├ílise de Ofusca├º├úo

> **Pol├¡tica de C├│digo Limpo:** L├│gica oculta ├® l├│gica suspeita. A 'Orquestra├º├úo' exige transpar├¬ncia.

### ­ƒÄ¡ x.py:10 [ID: obf_x_py_10]

- **Detec├º├úo:** eval detected
- **Evid├¬ncia:** `eval("foo")`

---
2026-02-12 19:37:19,352 - TestReportFormatter - INFO - Ô£à Zona de ofusca├º├úo validada.
2026-02-12 19:37:19,352 - TestReportFormatter - INFO - ÔÜí Testando formata├º├úo da matriz de confian├ºa...
2026-02-12 19:37:19,352 - TestReportFormatter - INFO - Ô£à Matriz de confian├ºa validada.
2026-02-12 19:37:19,352 - TestReportFormatter - INFO - ÔÜí Testando formata├º├úo de sinais vitais...
2026-02-12 19:37:19,352 - TestReportFormatter - INFO - Ô£à Sinais vitais validados.
2026-02-12 19:37:19,353 - TestRule_definition_judge - INFO - ÔÜí Testando detec├º├úo de contexto de analisador...
2026-02-12 19:37:19,353 - TestRule_definition_judge - INFO - Ô£à Contexto de analisador validado.
2026-02-12 19:37:19,353 - TestRule_definition_judge - INFO - ÔÜí Testando valida├º├úo de log seguro...
2026-02-12 19:37:19,354 - TestRule_definition_judge - INFO - Ô£à Valida├º├úo de log conclu├¡da.
2026-02-12 19:37:19,355 - TestRule_definition_judge - INFO - ÔÜí Testando valida├º├úo de execu├º├úo perigosa...
2026-02-12 19:37:19,356 - TestRule_definition_judge - INFO - Ô£à Detec├º├úo de execu├º├úo perigosa validada.
2026-02-12 19:37:19,357 - TestRunDiagnostic - INFO - ÔÜí Iniciando smoke test de run_diagnostic.py...
2026-02-12 19:37:19,357 - TestRunDiagnostic - INFO - Ô£à Smoke test conclu├¡do.
2026-02-12 19:37:19,357 - TestSafeContextJudge - INFO - ÔÜí Testando seguran├ºa de n├│s em defini├º├Áes de regras...
2026-02-12 19:37:19,357 - TestSafeContextJudge - INFO - Ô£à Seguran├ºa em regras validada.
2026-02-12 19:37:19,358 - TestSafeContextJudge - INFO - ÔÜí Testando seguran├ºa de n├│s em fun├º├Áes de teste...
2026-02-12 19:37:19,358 - TestSafeContextJudge - INFO - Ô£à Seguran├ºa em testes validada.
2026-02-12 19:37:19,358 - TestSafety_heuristics - INFO - ÔÜí Testando l├│gica de heur├¡sticas...
2026-02-12 19:37:19,359 - TestSafety_heuristics - INFO - Ô£à Heur├¡sticas validadas com 4 asser├º├Áes.
2026-02-12 19:37:19,359 - TestSafety_heuristics - INFO - ÔÜí Iniciando smoke test para safety_heuristics.py...
2026-02-12 19:37:19,359 - TestSafety_heuristics - INFO - Ô£à Smoke test conclu├¡do.
2026-02-12 19:37:19,359 - TestSafetyNavigator - INFO - ÔÜí Testando seguran├ºa de contexto em regras (SafetyNavigator)...
2026-02-12 19:37:19,360 - TestSafetyNavigator - INFO - Ô£à Seguran├ºa de contexto validada.
2026-02-12 19:37:19,360 - test_scale - INFO - Iniciando valida├º├úo de identidade do Scale...
2026-02-12 19:37:19,360 - src_local.agents.Support.infrastructure_assembler - INFO - ­ƒòÁ´©ÅÔÇìÔÖé´©Å [FBI_VERIFIED_RUN] Montando junta de suporte core (FRESH)...
2026-02-12 19:37:19,361 - test_scale - INFO - Ô£à Identidade validada.
2026-02-12 19:37:19,361 - test_scope - INFO - Iniciando valida├º├úo de identidade do Scope...
2026-02-12 19:37:19,361 - src_local.agents.Support.infrastructure_assembler - INFO - ­ƒòÁ´©ÅÔÇìÔÖé´©Å [FBI_VERIFIED_RUN] Montando junta de suporte core (FRESH)...
2026-02-12 19:37:19,361 - test_scope - INFO - Ô£à Identidade validada.
2026-02-12 19:37:19,362 - TestScoreCalculator - INFO - ÔÜí Testando c├ílculo de pontua├º├úo final...
2026-02-12 19:37:19,362 - src_local.agents.Support.penalty_engine - INFO - ­ƒÅå [HealthCalculus] Raw: 92.500 | Ceiling: 100 | Drain: 0.0 | Final: 92
2026-02-12 19:37:19,365 - TestScoreCalculator - INFO - ÔÜí Testando penalidades de score...
2026-02-12 19:37:19,365 - src_local.agents.Support.penalty_engine - INFO - ­ƒÅå [HealthCalculus] Raw: 52.500 | Ceiling: 100 | Drain: 0.0 | Final: 52
2026-02-12 19:37:19,366 - src_local.agents.Support.penalty_engine - INFO - ­ƒÅå [HealthCalculus] Raw: 92.500 | Ceiling: 100 | Drain: 0.0 | Final: 92
2026-02-12 19:37:19,367 - TestScoringEnginePhD - INFO - ÔÜí Testando l├│gica de c├ílculo PhD...
2026-02-12 19:37:19,367 - TestScoringEnginePhD - INFO - Ô£à C├ílculo validado: 47
2026-02-12 19:37:19,367 - TestScoringEnginePhD - INFO - ÔÜí Testando restri├º├Áes do ScoringEnginePhd...
2026-02-12 19:37:19,368 - TestScoringEnginePhD - INFO - Ô£à Restri├º├úo de criticidade validada: 57
2026-02-12 19:37:19,368 - test_scribe - INFO - Iniciando valida├º├úo de identidade do Scribe...
2026-02-12 19:37:19,368 - src_local.agents.Support.infrastructure_assembler - INFO - ­ƒòÁ´©ÅÔÇìÔÖé´©Å [FBI_VERIFIED_RUN] Montando junta de suporte core (FRESH)...
2026-02-12 19:37:19,369 - test_scribe - INFO - Ô£à Identidade validada.
2026-02-12 19:37:19,370 - src_local.agents.Support.infrastructure_assembler - INFO - ­ƒòÁ´©ÅÔÇìÔÖé´©Å [FBI_VERIFIED_RUN] Montando junta de suporte core (FRESH)...
2026-02-12 19:37:19,370 - TestSelfAwareness - INFO - ÔÜí Testando veto de docstrings...
2026-02-12 19:37:19,372 - TestSelfAwareness - INFO - Ô£à Veto de docstrings validado.
2026-02-12 19:37:19,375 - src_local.agents.Support.infrastructure_assembler - INFO - ­ƒòÁ´©ÅÔÇìÔÖé´©Å [FBI_VERIFIED_RUN] Montando junta de suporte core (FRESH)...
2026-02-12 19:37:19,375 - TestSelfAwareness - INFO - ÔÜí Testando veto de regex...
2026-02-12 19:37:19,377 - TestSelfAwareness - INFO - Ô£à Veto de regex validado.
2026-02-12 19:37:19,379 - src_local.agents.Support.infrastructure_assembler - INFO - ­ƒòÁ´©ÅÔÇìÔÖé´©Å [FBI_VERIFIED_RUN] Montando junta de suporte core (FRESH)...
2026-02-12 19:37:19,379 - TestSelfAwareness - INFO - ÔÜí Testando simula├º├úo de c├│digo ativo...
2026-02-12 19:37:19,389 - TestSelfAwareness - INFO - Ô£à C├│digo ativo detectado com sucesso.
2026-02-12 19:37:19,393 - src_local.agents.Support.infrastructure_assembler - INFO - ­ƒòÁ´©ÅÔÇìÔÖé´©Å [FBI_VERIFIED_RUN] Montando junta de suporte core (FRESH)...
2026-02-12 19:37:19,393 - TestSelfAwareness - INFO - ÔÜí Testando simula├º├úo de c├│digo em Gold Standard...
2026-02-12 19:37:19,398 - TestSelfAwareness - INFO - Ô£à C├│digo perigoso em Gold Standard detectado.
2026-02-12 19:37:19,401 - src_local.agents.Support.infrastructure_assembler - INFO - ­ƒòÁ´©ÅÔÇìÔÖé´©Å [FBI_VERIFIED_RUN] Montando junta de suporte core (FRESH)...
2026-02-12 19:37:19,401 - TestSelfAwareness - INFO - ÔÜí Testando simula├º├úo de defini├º├úo de regra...
2026-02-12 19:37:19,406 - TestSelfAwareness - INFO - Ô£à Defini├º├úo de regra ignorada com sucesso.
2026-02-12 19:37:19,408 - TestSemantic_context_analyst - INFO - ÔÜí Testando classify_intent...
2026-02-12 19:37:19,409 - TestSemantic_context_analyst - INFO - Ô£à Classifica├º├úo de inten├º├úo validada com 4 asser├º├Áes.
2026-02-12 19:37:19,409 - TestSemantic_context_analyst - INFO - ÔÜí Iniciando smoke test para semantic_context_analyst.py...
2026-02-12 19:37:19,410 - TestSemantic_context_analyst - INFO - Ô£à Smoke test conclu├¡do.
2026-02-12 19:37:19,410 - test_sentinel - INFO - Iniciando valida├º├úo de identidade do Sentinel...
2026-02-12 19:37:19,410 - src_local.agents.Support.infrastructure_assembler - INFO - ­ƒòÁ´©ÅÔÇìÔÖé´©Å [FBI_VERIFIED_RUN] Montando junta de suporte core (FRESH)...
2026-02-12 19:37:19,410 - test_sentinel - INFO - Ô£à Identidade validada.
2026-02-12 19:37:19,410 - src_local.agents.Support.infrastructure_assembler - INFO - ­ƒòÁ´©ÅÔÇìÔÖé´©Å [FBI_VERIFIED_RUN] Montando junta de suporte core (FRESH)...
2026-02-12 19:37:19,411 - src_local.agents.Python.Strategic.sentinel - INFO - [Sentinel] Analisando Seguran├ºa...
2026-02-12 19:37:19,416 - TestSilent_error_detector - INFO - ÔÜí Testando detec├º├úo de erro silencioso (continue)...
2026-02-12 19:37:19,417 - src_local.agents.Support.silent_error_detector - WARNING - Silent error capture detected in test.py:4
2026-02-12 19:37:19,418 - TestSilent_error_detector - INFO - Ô£à Erro silencioso (continue) validado.
2026-02-12 19:37:19,418 - TestSilent_error_detector - INFO - ÔÜí Testando detec├º├úo de erro silencioso (pass)...
2026-02-12 19:37:19,419 - src_local.agents.Support.silent_error_detector - WARNING - Silent error capture detected in test.py:3
2026-02-12 19:37:19,419 - TestSilent_error_detector - INFO - Ô£à Erro silencioso (pass) validado.
2026-02-12 19:37:19,419 - TestSourceCodeParser - INFO - ÔÜí Testando anatomia Kotlin...
2026-02-12 19:37:19,419 - TestSourceCodeParser - INFO - Ô£à Anatomia Kotlin validada.
2026-02-12 19:37:19,419 - TestSourceCodeParser - INFO - ÔÜí Testando anatomia Python...
2026-02-12 19:37:19,419 - TestSourceCodeParser - INFO - Ô£à Anatomia Python validada.
2026-02-12 19:37:19,420 - TestSourceCodeParser - INFO - ÔÜí Testando c├ílculo de complexidade...
2026-02-12 19:37:19,420 - TestSourceCodeParser - INFO - Ô£à Complexidade validada.
2026-02-12 19:37:19,420 - TestSourceCodeParserDeep - INFO - ÔÜí Testando c├ílculo de complexidade...
2026-02-12 19:37:19,420 - TestSourceCodeParserDeep - INFO - Ô£à Complexidade validada.
2026-02-12 19:37:19,421 - TestSourceCodeParserDeep - INFO - ÔÜí Testando parsing Kotlin...
2026-02-12 19:37:19,421 - TestSourceCodeParserDeep - INFO - Ô£à Parsing Kotlin validado.
2026-02-12 19:37:19,421 - TestSourceCodeParserDeep - INFO - ÔÜí Testando parsing Python...
2026-02-12 19:37:19,421 - TestSourceCodeParserDeep - INFO - Ô£à Parsing Python validado.
2026-02-12 19:37:27,807 - src_local.utils.update_transaction - INFO - ­ƒöä Sync: upstream
2026-02-12 19:37:29,231 - src_local.utils.update_transaction - INFO - Ô£à Vers├úo Atualizada.
2026-02-12 19:37:29,231 - BulletProofSync_v9 - INFO - ­ƒôª [DependencyAuditor] Sincroniza├º├úo de subm├│dulos in 3.3934s.
2026-02-12 19:37:29,405 - test_spark - INFO - Iniciando valida├º├úo de identidade do Spark...
2026-02-12 19:37:29,405 - src_local.agents.Support.infrastructure_assembler - INFO - ­ƒòÁ´©ÅÔÇìÔÖé´©Å [FBI_VERIFIED_RUN] Montando junta de suporte core (FRESH)...
2026-02-12 19:37:29,406 - test_spark - INFO - Ô£à Identidade validada.
2026-02-12 19:37:29,407 - TestStabilityLedgerDeep - INFO - ÔÜí Testando recupera├º├úo de metadados...
2026-02-12 19:37:29,431 - TestStabilityLedgerDeep - INFO - Ô£à Recupera├º├úo de metadados validada.
2026-02-12 19:37:29,450 - TestStabilityLedgerDeep - INFO - ÔÜí Testando detec├º├úo de cura...
2026-02-12 19:37:29,451 - src_local.utils.stability_ledger - INFO - Ô£¿ [Mem├│ria] Cura confirmada: src/healed.py
2026-02-12 19:37:29,453 - TestStabilityLedgerDeep - INFO - Ô£à Detec├º├úo de cura validada.
2026-02-12 19:37:29,470 - TestStabilityLedgerDeep - INFO - ÔÜí Testando atualiza├º├úo e persist├¬ncia do Ledger...
2026-02-12 19:37:29,651 - TestStabilityLedgerDeep - INFO - Ô£à Atualiza├º├úo e persist├¬ncia validadas.
2026-02-12 19:37:29,653 - test_stream - INFO - Iniciando valida├º├úo de identidade do Stream...
2026-02-12 19:37:29,653 - src_local.agents.Support.infrastructure_assembler - INFO - ­ƒòÁ´©ÅÔÇìÔÖé´©Å [FBI_VERIFIED_RUN] Montando junta de suporte core (FRESH)...
2026-02-12 19:37:29,654 - test_stream - INFO - Ô£à Identidade validada.
2026-02-12 19:37:29,654 - TestStructuralAnalyst - INFO - ÔÜí Testando an├ílise b├ísica Python...
2026-02-12 19:37:29,654 - TestStructuralAnalyst - INFO - Ô£à An├ílise b├ísica validada.
2026-02-12 19:37:29,655 - TestStructuralAnalyst - INFO - ÔÜí Testando c├ílculo de complexidade...
2026-02-12 19:37:29,655 - TestStructuralAnalyst - INFO - Ô£à Complexidade calculada: 3
2026-02-12 19:37:29,655 - TestStructuralAnalystDeep - INFO - ÔÜí Testando c├ílculo de complexidade ciclom├ítica...
2026-02-12 19:37:29,656 - TestStructuralAnalystDeep - INFO - Ô£à Complexidade calculada: 6
2026-02-12 19:37:29,656 - TestStructuralAnalystDeep - INFO - ÔÜí Testando mapeamento de componentes...
2026-02-12 19:37:29,657 - TestStructuralAnalystDeep - INFO - Ô£à Mapeamento de componentes validado.
2026-02-12 19:37:29,659 - TestStructuralAnalystDeep - INFO - ÔÜí Testando extra├º├úo de imports...
2026-02-12 19:37:29,659 - TestStructuralAnalystDeep - INFO - Ô£à Extra├º├úo de imports validada.
2026-02-12 19:37:29,659 - TestStructuralAnalystDeep - INFO - ÔÜí Testando detec├º├úo de falhas l├│gicas...
2026-02-12 19:37:29,661 - src_local.agents.Support.silent_error_detector - WARNING - Silent error capture detected in dummy.py:4
2026-02-12 19:37:29,661 - TestStructuralAnalystDeep - INFO - Ô£à Detec├º├úo de falhas l├│gicas validada.
2026-02-12 19:37:29,661 - TestStructuralAnalystDeep - INFO - ÔÜí Testando m├®tricas de maturidade...
2026-02-12 19:37:29,661 - TestStructuralAnalystDeep - INFO - Ô£à M├®tricas de maturidade validadas.
2026-02-12 19:37:29,662 - TestStructuralAnalystDeep - INFO - ÔÜí Testando an├ílise completa Python...
2026-02-12 19:37:29,662 - TestStructuralAnalystDeep - INFO - Ô£à An├ílise completa validada.
2026-02-12 19:37:29,664 - TestSupportAgents - INFO - ÔÜí Testando descoberta de identidade (DNAProfiler)...
2026-02-12 19:37:29,664 - TestSupportAgents - INFO - Ô£à Identidade validada.
2026-02-12 19:37:29,665 - TestSupportAgents - INFO - ÔÜí Testando montagem de infraestrutura...
2026-02-12 19:37:29,665 - src_local.agents.Support.infrastructure_assembler - INFO - ­ƒòÁ´©ÅÔÇìÔÖé´©Å [FBI_VERIFIED_RUN] Montando junta de suporte core (FRESH)...
2026-02-12 19:37:29,665 - TestSupportAgents - INFO - Ô£à Infraestrutura validada.
2026-02-12 19:37:29,665 - TestSupportAgents - INFO - ÔÜí Testando detec├º├úo de inje├º├úo (IntegrityGuardian)...
2026-02-12 19:37:29,668 - src_local.agents.Support.integrity_guardian - WARNING - Entropia detectada: eval em contexto de risco na linha 1. Motivo: Padr├úo de risco em contexto de execu├º├úo potencial.
2026-02-12 19:37:29,668 - TestSupportAgents - INFO - Ô£à Inje├º├úo detectada.
2026-02-12 19:37:29,668 - TestSupportAgents - INFO - ÔÜí Testando detec├º├úo de erro silenciado (IntegrityGuardian)...
2026-02-12 19:37:29,669 - src_local.agents.Support.integrity_guardian - WARNING - Cegueira operacional: Erro silenciado na linha 3 sem telemetria alternativa.
2026-02-12 19:37:29,669 - TestSupportAgents - INFO - Ô£à Erro silenciado detectado.
2026-02-12 19:37:29,680 - TestSupportExtended - INFO - ÔÜí Testando is_call_to...
2026-02-12 19:37:29,680 - TestSupportExtended - INFO - Ô£à is_call_to validado.
2026-02-12 19:37:29,681 - TestSupportExtended - INFO - ÔÜí Testando IntegrityGuardian em produ├º├úo...
2026-02-12 19:37:29,682 - src_local.agents.Support.integrity_guardian - WARNING - Entropia detectada: eval em contexto de risco na linha 1. Motivo: Padr├úo de risco em contexto de execu├º├úo potencial.
2026-02-12 19:37:29,682 - TestSupportExtended - INFO - Ô£à Detec├º├úo em produ├º├úo validada.
2026-02-12 19:37:29,683 - TestSupportExtended - INFO - ÔÜí Testando bypass do IntegrityGuardian em testes...
2026-02-12 19:37:29,683 - TestSupportExtended - INFO - Ô£à Bypass em testes validado.
2026-02-12 19:37:29,683 - TestSupportExtended - INFO - ÔÜí Testando formata├º├úo de cabe├ºalho...
2026-02-12 19:37:29,683 - src_local.agents.Support.report_formatter - INFO - Ô£ì´©Å [Formatter] Gerando cabe├ºalho de miss├úo para Test Mission
2026-02-12 19:37:29,683 - TestSupportExtended - INFO - Ô£à Cabe├ºalho validado.
2026-02-12 19:37:29,683 - TestSupportExtended - INFO - ÔÜí Testando is_being_executed...
2026-02-12 19:37:29,684 - TestSupportExtended - INFO - Ô£à is_being_executed validado.
2026-02-12 19:37:29,684 - TestSupportExtended - INFO - ÔÜí Testando seguran├ºa em defini├º├úo de regra...
2026-02-12 19:37:29,684 - TestSupportExtended - INFO - Ô£à Seguran├ºa em regra validada.
2026-02-12 19:37:29,684 - TestSupportExtended - INFO - ÔÜí Testando ScoreCalculator...
2026-02-12 19:37:29,685 - src_local.agents.Support.penalty_engine - INFO - ­ƒÅå [HealthCalculus] Raw: 60.000 | Ceiling: 100 | Drain: 0.0 | Final: 60
2026-02-12 19:37:29,689 - TestSyncEngineMocks - INFO - ÔÜí Testando sucesso de sincronia sem diverg├¬ncias...
2026-02-12 19:37:29,717 - src_local.utils.update_transaction - INFO - ­ƒöä Sync: origin
2026-02-12 19:37:29,718 - src_local.utils.update_transaction - INFO - Ô£à Vers├úo Atualizada.
2026-02-12 19:37:29,718 - BulletProofSync_v9 - INFO - ­ƒôª [DependencyAuditor] Sincroniza├º├úo de subm├│dulos in 0.0269s.
2026-02-12 19:37:29,719 - TestSyncEngineMocks - INFO - Ô£à Sucesso de sincronia validado.
2026-02-12 19:37:29,722 - TestSyncEngineMocks - INFO - ÔÜí Testando veto de sintaxe...
2026-02-12 19:37:29,729 - src_local.utils.update_transaction - INFO - ­ƒöä Sync: origin
2026-02-12 19:37:29,729 - src_local.utils.update_transaction - INFO - Ô¼ç´©Å Puxando 5 commits...
2026-02-12 19:37:29,730 - src_local.utils.update_transaction - ERROR - ÔÜá´©Å Integridade violada em broken.py
2026-02-12 19:37:29,730 - src_local.utils.update_transaction - CRITICAL - ­ƒÜ¿ Erro Sync: Integridade violada em broken.py
2026-02-12 19:37:29,731 - BulletProofSync_v9 - INFO - ­ƒôª [DependencyAuditor] Sincroniza├º├úo de subm├│dulos in 0.0035s.
2026-02-12 19:37:29,731 - TestSyncEngineMocks - INFO - Ô£à Veto de sintaxe validado.
2026-02-12 19:37:29,732 - src_local.agents.Support.infrastructure_assembler - INFO - ­ƒòÁ´©ÅÔÇìÔÖé´©Å [FBI_VERIFIED_RUN] Montando junta de suporte core (FRESH)...
2026-02-12 19:37:29,732 - src_local.agents.Support.infrastructure_assembler - INFO - ­ƒòÁ´©ÅÔÇìÔÖé´©Å [FBI_VERIFIED_RUN] Montando junta de suporte core (FRESH)...
2026-02-12 19:37:29,734 - src_local.agents.Support.infrastructure_assembler - INFO - ­ƒÄ╝ [Assembler] Mobilizando ferramentas do maestro para: C:\Users\joaom\Documents\GitHub\Personas_Agentes (FRESH)
2026-02-12 19:37:29,734 - test_system_health - INFO - Iniciando teste de sa├║de: test_context_engine_dna
2026-02-12 19:37:29,735 - src_local.utils.context_engine - INFO - ­ƒºá Mapeando topologia...
2026-02-12 19:37:40,028 - src_local.utils.context_engine - INFO - Ô£à DNA Processado: 364 componentes.
2026-02-12 19:37:40,028 - test_system_health - INFO - DNA detectado: Orquestra├º├úo de Intelig├¬ncia Artificial
2026-02-12 19:37:40,029 - src_local.agents.Support.infrastructure_assembler - INFO - ­ƒòÁ´©ÅÔÇìÔÖé´©Å [FBI_VERIFIED_RUN] Montando junta de suporte core (FRESH)...
2026-02-12 19:37:40,029 - src_local.agents.Support.infrastructure_assembler - INFO - ­ƒòÁ´©ÅÔÇìÔÖé´©Å [FBI_VERIFIED_RUN] Montando junta de suporte core (FRESH)...
2026-02-12 19:37:40,031 - src_local.agents.Support.infrastructure_assembler - INFO - ­ƒÄ╝ [Assembler] Mobilizando ferramentas do maestro para: C:\Users\joaom\Documents\GitHub\Personas_Agentes (FRESH)
2026-02-12 19:37:40,031 - test_system_health - INFO - Iniciando teste de sa├║de: test_orchestrator_load
2026-02-12 19:37:40,031 - test_system_health - INFO - Orquestrador validado com sucesso.
2026-02-12 19:37:40,032 - src_local.agents.Support.infrastructure_assembler - INFO - ­ƒòÁ´©ÅÔÇìÔÖé´©Å [FBI_VERIFIED_RUN] Montando junta de suporte core (FRESH)...
2026-02-12 19:37:40,033 - TestSystemIntelligence - INFO - ÔÜí Testando mapeamento de criticidade...
2026-02-12 19:37:40,035 - src_local.utils.context_engine - INFO - ­ƒºá Mapeando topologia...
2026-02-12 19:37:40,042 - src_local.utils.context_engine - INFO - Ô£à DNA Processado: 1 componentes.
2026-02-12 19:37:40,043 - TestSystemIntelligence - INFO - Ô£à Criticidade validada: 10
2026-02-12 19:37:40,047 - src_local.agents.Support.infrastructure_assembler - INFO - ­ƒòÁ´©ÅÔÇìÔÖé´©Å [FBI_VERIFIED_RUN] Montando junta de suporte core (FRESH)...
2026-02-12 19:37:40,048 - TestSystemIntelligence - INFO - ÔÜí Testando veto de Gold Standard no Ledger...
2026-02-12 19:37:40,051 - TestSystemIntelligence - INFO - Ô£à Veto Gold Standard validado.
2026-02-12 19:37:40,054 - src_local.agents.Support.infrastructure_assembler - INFO - ­ƒòÁ´©ÅÔÇìÔÖé´©Å [FBI_VERIFIED_RUN] Montando junta de suporte core (FRESH)...
2026-02-12 19:37:40,054 - TestSystemIntelligence - INFO - ÔÜí Testando mem├│ria do StabilityLedger...
2026-02-12 19:37:40,056 - src_local.utils.stability_ledger - INFO - Ô£¿ [Mem├│ria] Cura confirmada: core.py
2026-02-12 19:37:40,058 - TestSystemIntelligence - INFO - Ô£à Mem├│ria validada.
2026-02-12 19:37:40,060 - TestTaskExecutor - INFO - ÔÜí Testando isolamento de falhas no executor...
2026-02-12 19:37:40,062 - src_local.agents.Support.task_executor - ERROR - ­ƒÜ¿ Falha cr├¡tica na execu├º├úo paralela: Erro simulado
2026-02-12 19:37:40,063 - TestTaskExecutor - INFO - Ô£à Isolamento de falhas validado.
2026-02-12 19:37:40,063 - TestTaskExecutor - INFO - ÔÜí Testando execu├º├úo paralela (ThreadPool)...
2026-02-12 19:37:40,065 - TestTaskExecutor - INFO - Ô£à Execu├º├úo paralela validada.
2026-02-12 19:37:40,066 - TestTask_orchestrator - INFO - ÔÜí Testando verifica├º├úo cir├║rgica...
2026-02-12 19:37:40,070 - TestTask_orchestrator - INFO - Ô£à Verifica├º├úo cir├║rgica validada.
2026-02-12 19:37:40,071 - TestTask_orchestrator - INFO - ÔÜí Testando sele├º├úo de PhDs ativos...
2026-02-12 19:37:40,072 - TestTask_orchestrator - INFO - Ô£à Sele├º├úo de stack validada.
2026-02-12 19:37:40,072 - TestTelemetry_intent_judge - INFO - ÔÜí Testando l├│gica de julgamento de telemetria...
2026-02-12 19:37:40,072 - TestTelemetry_intent_judge - INFO - Ô£à Julgamento de inten├º├úo validado.
